[0.668s] Invoking command in '/home/ubunut2204/ros2_ws/src/py_srvcli': PYTHONPATH=/home/ubunut2204/ros2_ws/build/py_srvcli/prefix_override:/usr/lib/python3/dist-packages/colcon_core/task/python/colcon_distutils_commands:/home/ubunut2204/ros2_ws/install/py_srvcli/lib/python3.10/site-packages:${PYTHONPATH} /usr/bin/python3 -W ignore:setup.py install is deprecated -W ignore:easy_install command is deprecated setup.py egg_info --egg-base ../../build/py_srvcli build --build-base /home/ubunut2204/ros2_ws/build/py_srvcli/build install --record /home/ubunut2204/ros2_ws/build/py_srvcli/install.log --single-version-externally-managed install_data
[0.834s] running egg_info
[0.835s] creating ../../build/py_srvcli/py_srvcli.egg-info
[0.835s] writing ../../build/py_srvcli/py_srvcli.egg-info/PKG-INFO
[0.836s] writing dependency_links to ../../build/py_srvcli/py_srvcli.egg-info/dependency_links.txt
[0.836s] writing entry points to ../../build/py_srvcli/py_srvcli.egg-info/entry_points.txt
[0.836s] writing requirements to ../../build/py_srvcli/py_srvcli.egg-info/requires.txt
[0.836s] writing top-level names to ../../build/py_srvcli/py_srvcli.egg-info/top_level.txt
[0.837s] writing manifest file '../../build/py_srvcli/py_srvcli.egg-info/SOURCES.txt'
[0.838s] reading manifest file '../../build/py_srvcli/py_srvcli.egg-info/SOURCES.txt'
[0.839s] writing manifest file '../../build/py_srvcli/py_srvcli.egg-info/SOURCES.txt'
[0.839s] running build
[0.839s] running build_py
[0.839s] creating /home/ubunut2204/ros2_ws/build/py_srvcli/build
[0.840s] creating /home/ubunut2204/ros2_ws/build/py_srvcli/build/lib
[0.840s] creating /home/ubunut2204/ros2_ws/build/py_srvcli/build/lib/py_srvcli
[0.840s] copying py_srvcli/service_member_function.py -> /home/ubunut2204/ros2_ws/build/py_srvcli/build/lib/py_srvcli
[0.841s] copying py_srvcli/client_member_function.py -> /home/ubunut2204/ros2_ws/build/py_srvcli/build/lib/py_srvcli
[0.841s] copying py_srvcli/__init__.py -> /home/ubunut2204/ros2_ws/build/py_srvcli/build/lib/py_srvcli
[0.841s] running install
[0.842s] running install_lib
[0.842s] creating /home/ubunut2204/ros2_ws/install/py_srvcli/lib/python3.10/site-packages/py_srvcli
[0.843s] copying /home/ubunut2204/ros2_ws/build/py_srvcli/build/lib/py_srvcli/service_member_function.py -> /home/ubunut2204/ros2_ws/install/py_srvcli/lib/python3.10/site-packages/py_srvcli
[0.843s] copying /home/ubunut2204/ros2_ws/build/py_srvcli/build/lib/py_srvcli/client_member_function.py -> /home/ubunut2204/ros2_ws/install/py_srvcli/lib/python3.10/site-packages/py_srvcli
[0.843s] copying /home/ubunut2204/ros2_ws/build/py_srvcli/build/lib/py_srvcli/__init__.py -> /home/ubunut2204/ros2_ws/install/py_srvcli/lib/python3.10/site-packages/py_srvcli
[0.844s] byte-compiling /home/ubunut2204/ros2_ws/install/py_srvcli/lib/python3.10/site-packages/py_srvcli/service_member_function.py to service_member_function.cpython-310.pyc
[0.844s] byte-compiling /home/ubunut2204/ros2_ws/install/py_srvcli/lib/python3.10/site-packages/py_srvcli/client_member_function.py to client_member_function.cpython-310.pyc
[0.844s] byte-compiling /home/ubunut2204/ros2_ws/install/py_srvcli/lib/python3.10/site-packages/py_srvcli/__init__.py to __init__.cpython-310.pyc
[0.845s] running install_data
[0.845s] creating /home/ubunut2204/ros2_ws/install/py_srvcli/share/ament_index
[0.845s] creating /home/ubunut2204/ros2_ws/install/py_srvcli/share/ament_index/resource_index
[0.845s] creating /home/ubunut2204/ros2_ws/install/py_srvcli/share/ament_index/resource_index/packages
[0.845s] copying resource/py_srvcli -> /home/ubunut2204/ros2_ws/install/py_srvcli/share/ament_index/resource_index/packages
[0.845s] copying package.xml -> /home/ubunut2204/ros2_ws/install/py_srvcli/share/py_srvcli
[0.846s] running install_egg_info
[0.847s] Copying ../../build/py_srvcli/py_srvcli.egg-info to /home/ubunut2204/ros2_ws/install/py_srvcli/lib/python3.10/site-packages/py_srvcli-0.0.0-py3.10.egg-info
[0.848s] running install_scripts
[0.868s] Installing client script to /home/ubunut2204/ros2_ws/install/py_srvcli/lib/py_srvcli
[0.868s] Installing service script to /home/ubunut2204/ros2_ws/install/py_srvcli/lib/py_srvcli
[0.869s] writing list of installed files to '/home/ubunut2204/ros2_ws/build/py_srvcli/install.log'
[0.890s] Invoked command in '/home/ubunut2204/ros2_ws/src/py_srvcli' returned '0': PYTHONPATH=/home/ubunut2204/ros2_ws/build/py_srvcli/prefix_override:/usr/lib/python3/dist-packages/colcon_core/task/python/colcon_distutils_commands:/home/ubunut2204/ros2_ws/install/py_srvcli/lib/python3.10/site-packages:${PYTHONPATH} /usr/bin/python3 -W ignore:setup.py install is deprecated -W ignore:easy_install command is deprecated setup.py egg_info --egg-base ../../build/py_srvcli build --build-base /home/ubunut2204/ros2_ws/build/py_srvcli/build install --record /home/ubunut2204/ros2_ws/build/py_srvcli/install.log --single-version-externally-managed install_data
