[0.249s] DEBUG:colcon:Command line arguments: ['/usr/bin/colcon', 'build', '--packages-select', 'ros_study_msgs']
[0.249s] DEBUG:colcon:Parsed command line arguments: Namespace(log_base=None, log_level=None, verb_name='build', build_base='build', install_base='install', merge_install=False, symlink_install=False, test_result_base=None, continue_on_error=False, executor='parallel', parallel_workers=16, event_handlers=None, ignore_user_meta=False, metas=['./colcon.meta'], base_paths=['.'], packages_ignore=None, packages_ignore_regex=None, paths=None, packages_up_to=None, packages_up_to_regex=None, packages_above=None, packages_above_and_dependencies=None, packages_above_depth=None, packages_select_by_dep=None, packages_skip_by_dep=None, packages_skip_up_to=None, packages_select_build_failed=False, packages_skip_build_finished=False, packages_select_test_failures=False, packages_skip_test_passed=False, packages_select=['ros_study_msgs'], packages_skip=None, packages_select_regex=None, packages_skip_regex=None, packages_start=None, packages_end=None, allow_overriding=[], cmake_args=None, cmake_target=None, cmake_target_skip_unavailable=False, cmake_clean_cache=False, cmake_clean_first=False, cmake_force_configure=False, ament_cmake_args=None, catkin_cmake_args=None, catkin_skip_building_tests=False, verb_parser=<colcon_defaults.argument_parser.defaults.DefaultArgumentsDecorator object at 0x766bf493b670>, verb_extension=<colcon_core.verb.build.BuildVerb object at 0x766bf493b220>, main=<bound method BuildVerb.main of <colcon_core.verb.build.BuildVerb object at 0x766bf493b220>>)
[0.513s] Level 1:colcon.colcon_core.package_discovery:discover_packages(colcon_meta) check parameters
[0.513s] Level 1:colcon.colcon_core.package_discovery:discover_packages(recursive) check parameters
[0.513s] Level 1:colcon.colcon_core.package_discovery:discover_packages(ignore) check parameters
[0.513s] Level 1:colcon.colcon_core.package_discovery:discover_packages(path) check parameters
[0.513s] Level 1:colcon.colcon_core.package_discovery:discover_packages(colcon_meta) discover
[0.513s] Level 1:colcon.colcon_core.package_discovery:discover_packages(recursive) discover
[0.513s] INFO:colcon.colcon_core.package_discovery:Crawling recursively for packages in '/home/ubunut2204/ros2_ws'
[0.513s] Level 1:colcon.colcon_core.package_identification:_identify(.) by extensions ['ignore', 'ignore_ament_install']
[0.513s] Level 1:colcon.colcon_core.package_identification:_identify(.) by extension 'ignore'
[0.513s] Level 1:colcon.colcon_core.package_identification:_identify(.) by extension 'ignore_ament_install'
[0.513s] Level 1:colcon.colcon_core.package_identification:_identify(.) by extensions ['colcon_pkg']
[0.513s] Level 1:colcon.colcon_core.package_identification:_identify(.) by extension 'colcon_pkg'
[0.513s] Level 1:colcon.colcon_core.package_identification:_identify(.) by extensions ['colcon_meta']
[0.513s] Level 1:colcon.colcon_core.package_identification:_identify(.) by extension 'colcon_meta'
[0.513s] Level 1:colcon.colcon_core.package_identification:_identify(.) by extensions ['ros']
[0.513s] Level 1:colcon.colcon_core.package_identification:_identify(.) by extension 'ros'
[0.534s] Level 1:colcon.colcon_core.package_identification:_identify(.) by extensions ['cmake', 'python']
[0.534s] Level 1:colcon.colcon_core.package_identification:_identify(.) by extension 'cmake'
[0.534s] Level 1:colcon.colcon_core.package_identification:_identify(.) by extension 'python'
[0.534s] Level 1:colcon.colcon_core.package_identification:_identify(.) by extensions ['python_setup_py']
[0.534s] Level 1:colcon.colcon_core.package_identification:_identify(.) by extension 'python_setup_py'
[0.534s] Level 1:colcon.colcon_core.package_identification:_identify(ROS2_install_files) by extensions ['ignore', 'ignore_ament_install']
[0.534s] Level 1:colcon.colcon_core.package_identification:_identify(ROS2_install_files) by extension 'ignore'
[0.535s] Level 1:colcon.colcon_core.package_identification:_identify(ROS2_install_files) by extension 'ignore_ament_install'
[0.535s] Level 1:colcon.colcon_core.package_identification:_identify(ROS2_install_files) by extensions ['colcon_pkg']
[0.535s] Level 1:colcon.colcon_core.package_identification:_identify(ROS2_install_files) by extension 'colcon_pkg'
[0.535s] Level 1:colcon.colcon_core.package_identification:_identify(ROS2_install_files) by extensions ['colcon_meta']
[0.535s] Level 1:colcon.colcon_core.package_identification:_identify(ROS2_install_files) by extension 'colcon_meta'
[0.535s] Level 1:colcon.colcon_core.package_identification:_identify(ROS2_install_files) by extensions ['ros']
[0.535s] Level 1:colcon.colcon_core.package_identification:_identify(ROS2_install_files) by extension 'ros'
[0.535s] Level 1:colcon.colcon_core.package_identification:_identify(ROS2_install_files) by extensions ['cmake', 'python']
[0.535s] Level 1:colcon.colcon_core.package_identification:_identify(ROS2_install_files) by extension 'cmake'
[0.535s] Level 1:colcon.colcon_core.package_identification:_identify(ROS2_install_files) by extension 'python'
[0.535s] Level 1:colcon.colcon_core.package_identification:_identify(ROS2_install_files) by extensions ['python_setup_py']
[0.535s] Level 1:colcon.colcon_core.package_identification:_identify(ROS2_install_files) by extension 'python_setup_py'
[0.535s] Level 1:colcon.colcon_core.package_identification:_identify(build) by extensions ['ignore', 'ignore_ament_install']
[0.535s] Level 1:colcon.colcon_core.package_identification:_identify(build) by extension 'ignore'
[0.535s] Level 1:colcon.colcon_core.package_identification:_identify(build) ignored
[0.535s] Level 1:colcon.colcon_core.package_identification:_identify(install) by extensions ['ignore', 'ignore_ament_install']
[0.535s] Level 1:colcon.colcon_core.package_identification:_identify(install) by extension 'ignore'
[0.535s] Level 1:colcon.colcon_core.package_identification:_identify(install) ignored
[0.535s] Level 1:colcon.colcon_core.package_identification:_identify(log) by extensions ['ignore', 'ignore_ament_install']
[0.535s] Level 1:colcon.colcon_core.package_identification:_identify(log) by extension 'ignore'
[0.535s] Level 1:colcon.colcon_core.package_identification:_identify(log) ignored
[0.535s] Level 1:colcon.colcon_core.package_identification:_identify(src) by extensions ['ignore', 'ignore_ament_install']
[0.536s] Level 1:colcon.colcon_core.package_identification:_identify(src) by extension 'ignore'
[0.536s] Level 1:colcon.colcon_core.package_identification:_identify(src) by extension 'ignore_ament_install'
[0.536s] Level 1:colcon.colcon_core.package_identification:_identify(src) by extensions ['colcon_pkg']
[0.536s] Level 1:colcon.colcon_core.package_identification:_identify(src) by extension 'colcon_pkg'
[0.536s] Level 1:colcon.colcon_core.package_identification:_identify(src) by extensions ['colcon_meta']
[0.536s] Level 1:colcon.colcon_core.package_identification:_identify(src) by extension 'colcon_meta'
[0.536s] Level 1:colcon.colcon_core.package_identification:_identify(src) by extensions ['ros']
[0.536s] Level 1:colcon.colcon_core.package_identification:_identify(src) by extension 'ros'
[0.536s] Level 1:colcon.colcon_core.package_identification:_identify(src) by extensions ['cmake', 'python']
[0.536s] Level 1:colcon.colcon_core.package_identification:_identify(src) by extension 'cmake'
[0.536s] Level 1:colcon.colcon_core.package_identification:_identify(src) by extension 'python'
[0.536s] Level 1:colcon.colcon_core.package_identification:_identify(src) by extensions ['python_setup_py']
[0.536s] Level 1:colcon.colcon_core.package_identification:_identify(src) by extension 'python_setup_py'
[0.536s] Level 1:colcon.colcon_core.package_identification:_identify(src/my_first_package) by extensions ['ignore', 'ignore_ament_install']
[0.536s] Level 1:colcon.colcon_core.package_identification:_identify(src/my_first_package) by extension 'ignore'
[0.536s] Level 1:colcon.colcon_core.package_identification:_identify(src/my_first_package) by extension 'ignore_ament_install'
[0.536s] Level 1:colcon.colcon_core.package_identification:_identify(src/my_first_package) by extensions ['colcon_pkg']
[0.536s] Level 1:colcon.colcon_core.package_identification:_identify(src/my_first_package) by extension 'colcon_pkg'
[0.536s] Level 1:colcon.colcon_core.package_identification:_identify(src/my_first_package) by extensions ['colcon_meta']
[0.536s] Level 1:colcon.colcon_core.package_identification:_identify(src/my_first_package) by extension 'colcon_meta'
[0.536s] Level 1:colcon.colcon_core.package_identification:_identify(src/my_first_package) by extensions ['ros']
[0.536s] Level 1:colcon.colcon_core.package_identification:_identify(src/my_first_package) by extension 'ros'
[0.539s] DEBUG:colcon.colcon_core.package_identification:Package 'src/my_first_package' with type 'ros.ament_python' and name 'my_first_package'
[0.539s] Level 1:colcon.colcon_core.package_identification:_identify(src/my_robot_interfaces) by extensions ['ignore', 'ignore_ament_install']
[0.540s] Level 1:colcon.colcon_core.package_identification:_identify(src/my_robot_interfaces) by extension 'ignore'
[0.540s] Level 1:colcon.colcon_core.package_identification:_identify(src/my_robot_interfaces) by extension 'ignore_ament_install'
[0.540s] Level 1:colcon.colcon_core.package_identification:_identify(src/my_robot_interfaces) by extensions ['colcon_pkg']
[0.540s] Level 1:colcon.colcon_core.package_identification:_identify(src/my_robot_interfaces) by extension 'colcon_pkg'
[0.540s] Level 1:colcon.colcon_core.package_identification:_identify(src/my_robot_interfaces) by extensions ['colcon_meta']
[0.540s] Level 1:colcon.colcon_core.package_identification:_identify(src/my_robot_interfaces) by extension 'colcon_meta'
[0.540s] Level 1:colcon.colcon_core.package_identification:_identify(src/my_robot_interfaces) by extensions ['ros']
[0.540s] Level 1:colcon.colcon_core.package_identification:_identify(src/my_robot_interfaces) by extension 'ros'
[0.540s] DEBUG:colcon.colcon_core.package_identification:Package 'src/my_robot_interfaces' with type 'ros.ament_cmake' and name 'my_robot_interfaces'
[0.540s] Level 1:colcon.colcon_core.package_identification:_identify(src/ros_study_msgs) by extensions ['ignore', 'ignore_ament_install']
[0.541s] Level 1:colcon.colcon_core.package_identification:_identify(src/ros_study_msgs) by extension 'ignore'
[0.541s] Level 1:colcon.colcon_core.package_identification:_identify(src/ros_study_msgs) by extension 'ignore_ament_install'
[0.541s] Level 1:colcon.colcon_core.package_identification:_identify(src/ros_study_msgs) by extensions ['colcon_pkg']
[0.541s] Level 1:colcon.colcon_core.package_identification:_identify(src/ros_study_msgs) by extension 'colcon_pkg'
[0.541s] Level 1:colcon.colcon_core.package_identification:_identify(src/ros_study_msgs) by extensions ['colcon_meta']
[0.541s] Level 1:colcon.colcon_core.package_identification:_identify(src/ros_study_msgs) by extension 'colcon_meta'
[0.541s] Level 1:colcon.colcon_core.package_identification:_identify(src/ros_study_msgs) by extensions ['ros']
[0.541s] Level 1:colcon.colcon_core.package_identification:_identify(src/ros_study_msgs) by extension 'ros'
[0.541s] DEBUG:colcon.colcon_core.package_identification:Package 'src/ros_study_msgs' with type 'ros.ament_cmake' and name 'ros_study_msgs'
[0.541s] Level 1:colcon.colcon_core.package_discovery:discover_packages(recursive) using defaults
[0.541s] Level 1:colcon.colcon_core.package_discovery:discover_packages(ignore) discover
[0.541s] Level 1:colcon.colcon_core.package_discovery:discover_packages(ignore) using defaults
[0.542s] Level 1:colcon.colcon_core.package_discovery:discover_packages(path) discover
[0.542s] Level 1:colcon.colcon_core.package_discovery:discover_packages(path) using defaults
[0.565s] INFO:colcon.colcon_core.package_selection:Skipping not selected package 'my_first_package' in 'src/my_first_package'
[0.566s] INFO:colcon.colcon_core.package_selection:Skipping not selected package 'my_robot_interfaces' in 'src/my_robot_interfaces'
[0.566s] Level 1:colcon.colcon_core.package_discovery:discover_packages(prefix_path) check parameters
[0.567s] Level 1:colcon.colcon_core.package_discovery:discover_packages(prefix_path) discover
[0.571s] DEBUG:colcon.colcon_installed_package_information.package_discovery:Found 274 installed packages in /opt/ros/humble
[0.572s] Level 1:colcon.colcon_core.package_discovery:discover_packages(prefix_path) using defaults
[0.636s] Level 5:colcon.colcon_core.verb:set package 'ros_study_msgs' build argument 'cmake_args' from command line to 'None'
[0.636s] Level 5:colcon.colcon_core.verb:set package 'ros_study_msgs' build argument 'cmake_target' from command line to 'None'
[0.636s] Level 5:colcon.colcon_core.verb:set package 'ros_study_msgs' build argument 'cmake_target_skip_unavailable' from command line to 'False'
[0.636s] Level 5:colcon.colcon_core.verb:set package 'ros_study_msgs' build argument 'cmake_clean_cache' from command line to 'False'
[0.636s] Level 5:colcon.colcon_core.verb:set package 'ros_study_msgs' build argument 'cmake_clean_first' from command line to 'False'
[0.636s] Level 5:colcon.colcon_core.verb:set package 'ros_study_msgs' build argument 'cmake_force_configure' from command line to 'False'
[0.636s] Level 5:colcon.colcon_core.verb:set package 'ros_study_msgs' build argument 'ament_cmake_args' from command line to 'None'
[0.636s] Level 5:colcon.colcon_core.verb:set package 'ros_study_msgs' build argument 'catkin_cmake_args' from command line to 'None'
[0.636s] Level 5:colcon.colcon_core.verb:set package 'ros_study_msgs' build argument 'catkin_skip_building_tests' from command line to 'False'
[0.636s] DEBUG:colcon.colcon_core.verb:Building package 'ros_study_msgs' with the following arguments: {'ament_cmake_args': None, 'build_base': '/home/ubunut2204/ros2_ws/build/ros_study_msgs', 'catkin_cmake_args': None, 'catkin_skip_building_tests': False, 'cmake_args': None, 'cmake_clean_cache': False, 'cmake_clean_first': False, 'cmake_force_configure': False, 'cmake_target': None, 'cmake_target_skip_unavailable': False, 'install_base': '/home/ubunut2204/ros2_ws/install/ros_study_msgs', 'merge_install': False, 'path': '/home/ubunut2204/ros2_ws/src/ros_study_msgs', 'symlink_install': False, 'test_result_base': None}
[0.636s] INFO:colcon.colcon_core.executor:Executing jobs using 'parallel' executor
[0.637s] DEBUG:colcon.colcon_parallel_executor.executor.parallel:run_until_complete
[0.638s] INFO:colcon.colcon_ros.task.ament_cmake.build:Building ROS package in '/home/ubunut2204/ros2_ws/src/ros_study_msgs' with build type 'ament_cmake'
[0.638s] INFO:colcon.colcon_cmake.task.cmake.build:Building CMake package in '/home/ubunut2204/ros2_ws/src/ros_study_msgs'
[0.642s] INFO:colcon.colcon_core.plugin_system:Skipping extension 'colcon_core.shell.bat': Not used on non-Windows systems
[0.642s] INFO:colcon.colcon_core.shell:Skip shell extension 'powershell' for command environment: Not usable outside of PowerShell
[0.642s] DEBUG:colcon.colcon_core.shell:Skip shell extension 'dsv' for command environment
[0.649s] DEBUG:colcon.colcon_core.event_handler.log_command:Invoking command in '/home/ubunut2204/ros2_ws/build/ros_study_msgs': CMAKE_PREFIX_PATH=/opt/ros/humble /usr/bin/cmake --build /home/ubunut2204/ros2_ws/build/ros_study_msgs -- -j16 -l16
[6.179s] DEBUG:colcon.colcon_core.event_handler.log_command:Invoked command in '/home/ubunut2204/ros2_ws/build/ros_study_msgs' returned '0': CMAKE_PREFIX_PATH=/opt/ros/humble /usr/bin/cmake --build /home/ubunut2204/ros2_ws/build/ros_study_msgs -- -j16 -l16
[6.189s] DEBUG:colcon.colcon_core.event_handler.log_command:Invoking command in '/home/ubunut2204/ros2_ws/build/ros_study_msgs': CMAKE_PREFIX_PATH=/opt/ros/humble /usr/bin/cmake --install /home/ubunut2204/ros2_ws/build/ros_study_msgs
[6.271s] Level 1:colcon.colcon_core.environment:create_environment_scripts_only(ros_study_msgs)
[6.272s] DEBUG:colcon.colcon_core.event_handler.log_command:Invoked command in '/home/ubunut2204/ros2_ws/build/ros_study_msgs' returned '0': CMAKE_PREFIX_PATH=/opt/ros/humble /usr/bin/cmake --install /home/ubunut2204/ros2_ws/build/ros_study_msgs
[6.277s] Level 1:colcon.colcon_core.environment:checking '/home/ubunut2204/ros2_ws/install/ros_study_msgs' for CMake module files
[6.277s] Level 1:colcon.colcon_core.environment:checking '/home/ubunut2204/ros2_ws/install/ros_study_msgs' for CMake config files
[6.278s] Level 1:colcon.colcon_core.shell:create_environment_hook('ros_study_msgs', 'cmake_prefix_path')
[6.278s] INFO:colcon.colcon_core.shell:Creating environment hook '/home/ubunut2204/ros2_ws/install/ros_study_msgs/share/ros_study_msgs/hook/cmake_prefix_path.ps1'
[6.279s] INFO:colcon.colcon_core.shell:Creating environment descriptor '/home/ubunut2204/ros2_ws/install/ros_study_msgs/share/ros_study_msgs/hook/cmake_prefix_path.dsv'
[6.280s] INFO:colcon.colcon_core.shell:Creating environment hook '/home/ubunut2204/ros2_ws/install/ros_study_msgs/share/ros_study_msgs/hook/cmake_prefix_path.sh'
[6.282s] Level 1:colcon.colcon_core.environment:checking '/home/ubunut2204/ros2_ws/install/ros_study_msgs/lib'
[6.282s] Level 1:colcon.colcon_core.shell:create_environment_hook('ros_study_msgs', 'ld_library_path_lib')
[6.282s] INFO:colcon.colcon_core.shell:Creating environment hook '/home/ubunut2204/ros2_ws/install/ros_study_msgs/share/ros_study_msgs/hook/ld_library_path_lib.ps1'
[6.283s] INFO:colcon.colcon_core.shell:Creating environment descriptor '/home/ubunut2204/ros2_ws/install/ros_study_msgs/share/ros_study_msgs/hook/ld_library_path_lib.dsv'
[6.283s] INFO:colcon.colcon_core.shell:Creating environment hook '/home/ubunut2204/ros2_ws/install/ros_study_msgs/share/ros_study_msgs/hook/ld_library_path_lib.sh'
[6.283s] Level 1:colcon.colcon_core.environment:checking '/home/ubunut2204/ros2_ws/install/ros_study_msgs/bin'
[6.283s] Level 1:colcon.colcon_core.environment:checking '/home/ubunut2204/ros2_ws/install/ros_study_msgs/lib/pkgconfig/ros_study_msgs.pc'
[6.284s] Level 1:colcon.colcon_core.environment:checking '/home/ubunut2204/ros2_ws/install/ros_study_msgs/lib/python3.10/site-packages'
[6.284s] Level 1:colcon.colcon_core.environment:checking '/home/ubunut2204/ros2_ws/install/ros_study_msgs/bin'
[6.285s] INFO:colcon.colcon_core.shell:Creating package script '/home/ubunut2204/ros2_ws/install/ros_study_msgs/share/ros_study_msgs/package.ps1'
[6.286s] INFO:colcon.colcon_core.shell:Creating package descriptor '/home/ubunut2204/ros2_ws/install/ros_study_msgs/share/ros_study_msgs/package.dsv'
[6.287s] INFO:colcon.colcon_core.shell:Creating package script '/home/ubunut2204/ros2_ws/install/ros_study_msgs/share/ros_study_msgs/package.sh'
[6.288s] INFO:colcon.colcon_core.shell:Creating package script '/home/ubunut2204/ros2_ws/install/ros_study_msgs/share/ros_study_msgs/package.bash'
[6.289s] INFO:colcon.colcon_core.shell:Creating package script '/home/ubunut2204/ros2_ws/install/ros_study_msgs/share/ros_study_msgs/package.zsh'
[6.290s] Level 1:colcon.colcon_core.environment:create_file_with_runtime_dependencies(/home/ubunut2204/ros2_ws/install/ros_study_msgs/share/colcon-core/packages/ros_study_msgs)
[6.290s] Level 1:colcon.colcon_core.environment:create_environment_scripts_only(ros_study_msgs)
[6.291s] Level 1:colcon.colcon_core.environment:checking '/home/ubunut2204/ros2_ws/install/ros_study_msgs' for CMake module files
[6.291s] Level 1:colcon.colcon_core.environment:checking '/home/ubunut2204/ros2_ws/install/ros_study_msgs' for CMake config files
[6.291s] Level 1:colcon.colcon_core.shell:create_environment_hook('ros_study_msgs', 'cmake_prefix_path')
[6.292s] INFO:colcon.colcon_core.shell:Creating environment hook '/home/ubunut2204/ros2_ws/install/ros_study_msgs/share/ros_study_msgs/hook/cmake_prefix_path.ps1'
[6.292s] INFO:colcon.colcon_core.shell:Creating environment descriptor '/home/ubunut2204/ros2_ws/install/ros_study_msgs/share/ros_study_msgs/hook/cmake_prefix_path.dsv'
[6.292s] INFO:colcon.colcon_core.shell:Creating environment hook '/home/ubunut2204/ros2_ws/install/ros_study_msgs/share/ros_study_msgs/hook/cmake_prefix_path.sh'
[6.293s] Level 1:colcon.colcon_core.environment:checking '/home/ubunut2204/ros2_ws/install/ros_study_msgs/lib'
[6.293s] Level 1:colcon.colcon_core.shell:create_environment_hook('ros_study_msgs', 'ld_library_path_lib')
[6.293s] INFO:colcon.colcon_core.shell:Creating environment hook '/home/ubunut2204/ros2_ws/install/ros_study_msgs/share/ros_study_msgs/hook/ld_library_path_lib.ps1'
[6.293s] INFO:colcon.colcon_core.shell:Creating environment descriptor '/home/ubunut2204/ros2_ws/install/ros_study_msgs/share/ros_study_msgs/hook/ld_library_path_lib.dsv'
[6.294s] INFO:colcon.colcon_core.shell:Creating environment hook '/home/ubunut2204/ros2_ws/install/ros_study_msgs/share/ros_study_msgs/hook/ld_library_path_lib.sh'
[6.294s] Level 1:colcon.colcon_core.environment:checking '/home/ubunut2204/ros2_ws/install/ros_study_msgs/bin'
[6.294s] Level 1:colcon.colcon_core.environment:checking '/home/ubunut2204/ros2_ws/install/ros_study_msgs/lib/pkgconfig/ros_study_msgs.pc'
[6.294s] Level 1:colcon.colcon_core.environment:checking '/home/ubunut2204/ros2_ws/install/ros_study_msgs/lib/python3.10/site-packages'
[6.295s] Level 1:colcon.colcon_core.environment:checking '/home/ubunut2204/ros2_ws/install/ros_study_msgs/bin'
[6.295s] INFO:colcon.colcon_core.shell:Creating package script '/home/ubunut2204/ros2_ws/install/ros_study_msgs/share/ros_study_msgs/package.ps1'
[6.296s] INFO:colcon.colcon_core.shell:Creating package descriptor '/home/ubunut2204/ros2_ws/install/ros_study_msgs/share/ros_study_msgs/package.dsv'
[6.296s] INFO:colcon.colcon_core.shell:Creating package script '/home/ubunut2204/ros2_ws/install/ros_study_msgs/share/ros_study_msgs/package.sh'
[6.297s] INFO:colcon.colcon_core.shell:Creating package script '/home/ubunut2204/ros2_ws/install/ros_study_msgs/share/ros_study_msgs/package.bash'
[6.297s] INFO:colcon.colcon_core.shell:Creating package script '/home/ubunut2204/ros2_ws/install/ros_study_msgs/share/ros_study_msgs/package.zsh'
[6.297s] Level 1:colcon.colcon_core.environment:create_file_with_runtime_dependencies(/home/ubunut2204/ros2_ws/install/ros_study_msgs/share/colcon-core/packages/ros_study_msgs)
[6.298s] DEBUG:colcon.colcon_parallel_executor.executor.parallel:closing loop
[6.298s] DEBUG:colcon.colcon_parallel_executor.executor.parallel:loop closed
[6.298s] DEBUG:colcon.colcon_parallel_executor.executor.parallel:run_until_complete finished with '0'
[6.298s] DEBUG:colcon.colcon_core.event_reactor:joining thread
[6.345s] INFO:colcon.colcon_core.plugin_system:Skipping extension 'colcon_notification.desktop_notification.notify_send': Could not find 'notify-send'
[6.346s] INFO:colcon.colcon_core.plugin_system:Skipping extension 'colcon_notification.desktop_notification.terminal_notifier': Not used on non-Darwin systems
[6.346s] INFO:colcon.colcon_core.plugin_system:Skipping extension 'colcon_notification.desktop_notification.win32': Not used on non-Windows systems
[6.346s] INFO:colcon.colcon_notification.desktop_notification:Sending desktop notification using 'notify2'
[6.346s] DEBUG:colcon.colcon_notification.desktop_notification.notify2:Failed to initialize notify2: org.freedesktop.DBus.Error.FileNotFound: Failed to connect to socket /run/user/1000/bus: No such file or directory
[6.346s] DEBUG:colcon.colcon_core.event_reactor:joined thread
[6.347s] INFO:colcon.colcon_core.shell:Creating prefix script '/home/ubunut2204/ros2_ws/install/local_setup.ps1'
[6.348s] INFO:colcon.colcon_core.shell:Creating prefix util module '/home/ubunut2204/ros2_ws/install/_local_setup_util_ps1.py'
[6.350s] INFO:colcon.colcon_core.shell:Creating prefix chain script '/home/ubunut2204/ros2_ws/install/setup.ps1'
[6.351s] INFO:colcon.colcon_core.shell:Creating prefix script '/home/ubunut2204/ros2_ws/install/local_setup.sh'
[6.352s] INFO:colcon.colcon_core.shell:Creating prefix util module '/home/ubunut2204/ros2_ws/install/_local_setup_util_sh.py'
[6.353s] INFO:colcon.colcon_core.shell:Creating prefix chain script '/home/ubunut2204/ros2_ws/install/setup.sh'
[6.355s] INFO:colcon.colcon_core.shell:Creating prefix script '/home/ubunut2204/ros2_ws/install/local_setup.bash'
[6.356s] INFO:colcon.colcon_core.shell:Creating prefix chain script '/home/ubunut2204/ros2_ws/install/setup.bash'
[6.358s] INFO:colcon.colcon_core.shell:Creating prefix script '/home/ubunut2204/ros2_ws/install/local_setup.zsh'
[6.359s] INFO:colcon.colcon_core.shell:Creating prefix chain script '/home/ubunut2204/ros2_ws/install/setup.zsh'
