In file included from [01m[K/home/ubunut2204/ros2_ws/build/ros_study_msgs/rosidl_generator_c/ros_study_msgs/action/detail/my_action__functions.h:19[m[K,
                 from [01m[K/home/ubunut2204/ros2_ws/build/ros_study_msgs/rosidl_generator_c/ros_study_msgs/action/detail/my_action__functions.c:4[m[K:
[01m[K/home/ubunut2204/ros2_ws/build/ros_study_msgs/rosidl_generator_c/ros_study_msgs/action/detail/my_action__struct.h:60:10:[m[K [01;31m[Kfatal error: [m[Kros_study_msgs/msg/detail/string__struct.h: No such file or directory
   60 | #include [01;31m[K"ros_study_msgs/msg/detail/string__struct.h"[m[K
      |          [01;31m[K^~~~~~~~~~~~~~~~~~~~~~~~~~~~~~~~~~~~~~~~~~~~[m[K
compilation terminated.
gmake[2]: *** [CMakeFiles/ros_study_msgs__rosidl_generator_c.dir/build.make:172: CMakeFiles/ros_study_msgs__rosidl_generator_c.dir/rosidl_generator_c/ros_study_msgs/action/detail/my_action__functions.c.o] Error 1
gmake[2]: *** Waiting for unfinished jobs....
gmake[1]: *** [CMakeFiles/Makefile2:232: CMakeFiles/ros_study_msgs__rosidl_generator_c.dir/all] Error 2
gmake[1]: *** Waiting for unfinished jobs....
In file included from [01m[K/home/ubunut2204/ros2_ws/build/ros_study_msgs/rosidl_typesupport_cpp/ros_study_msgs/action/my_action__type_support.cpp:7[m[K:
[01m[K/home/ubunut2204/ros2_ws/build/ros_study_msgs/rosidl_generator_cpp/ros_study_msgs/action/detail/my_action__struct.hpp:249:10:[m[K [01;31m[Kfatal error: [m[Kros_study_msgs/msg/detail/string__struct.hpp: No such file or directory
  249 | #include [01;31m[K"ros_study_msgs/msg/detail/string__struct.hpp"[m[K
      |          [01;31m[K^~~~~~~~~~~~~~~~~~~~~~~~~~~~~~~~~~~~~~~~~~~~~~[m[K
compilation terminated.
gmake[2]: *** [CMakeFiles/ros_study_msgs__rosidl_typesupport_cpp.dir/build.make:129: CMakeFiles/ros_study_msgs__rosidl_typesupport_cpp.dir/rosidl_typesupport_cpp/ros_study_msgs/action/my_action__type_support.cpp.o] Error 1
gmake[2]: *** Waiting for unfinished jobs....
In file included from [01m[K/home/ubunut2204/ros2_ws/build/ros_study_msgs/rosidl_typesupport_introspection_cpp/ros_study_msgs/action/detail/my_action__type_support.cpp:12[m[K:
[01m[K/home/ubunut2204/ros2_ws/build/ros_study_msgs/rosidl_generator_cpp/ros_study_msgs/action/detail/my_action__struct.hpp:249:10:[m[K [01;31m[Kfatal error: [m[Kros_study_msgs/msg/detail/string__struct.hpp: No such file or directory
  249 | #include [01;31m[K"ros_study_msgs/msg/detail/string__struct.hpp"[m[K
      |          [01;31m[K^~~~~~~~~~~~~~~~~~~~~~~~~~~~~~~~~~~~~~~~~~~~~~[m[K
compilation terminated.
gmake[2]: *** [CMakeFiles/ros_study_msgs__rosidl_typesupport_introspection_cpp.dir/build.make:140: CMakeFiles/ros_study_msgs__rosidl_typesupport_introspection_cpp.dir/rosidl_typesupport_introspection_cpp/ros_study_msgs/action/detail/my_action__type_support.cpp.o] Error 1
gmake[2]: *** Waiting for unfinished jobs....
In file included from [01m[K/home/ubunut2204/ros2_ws/build/ros_study_msgs/rosidl_typesupport_fastrtps_cpp/ros_study_msgs/action/detail/my_action__rosidl_typesupport_fastrtps_cpp.hpp:11[m[K,
                 from [01m[K/home/ubunut2204/ros2_ws/build/ros_study_msgs/rosidl_typesupport_fastrtps_cpp/ros_study_msgs/action/detail/dds_fastrtps/my_action__type_support.cpp:4[m[K:
[01m[K/home/ubunut2204/ros2_ws/build/ros_study_msgs/rosidl_generator_cpp/ros_study_msgs/action/detail/my_action__struct.hpp:249:10:[m[K [01;31m[Kfatal error: [m[Kros_study_msgs/msg/detail/string__struct.hpp: No such file or directory
  249 | #include [01;31m[K"ros_study_msgs/msg/detail/string__struct.hpp"[m[K
      |          [01;31m[K^~~~~~~~~~~~~~~~~~~~~~~~~~~~~~~~~~~~~~~~~~~~~~[m[K
compilation terminated.
gmake[2]: *** [CMakeFiles/ros_study_msgs__rosidl_typesupport_fastrtps_cpp.dir/build.make:140: CMakeFiles/ros_study_msgs__rosidl_typesupport_fastrtps_cpp.dir/rosidl_typesupport_fastrtps_cpp/ros_study_msgs/action/detail/dds_fastrtps/my_action__type_support.cpp.o] Error 1
gmake[2]: *** Waiting for unfinished jobs....
gmake[1]: *** [CMakeFiles/Makefile2:414: CMakeFiles/ros_study_msgs__rosidl_typesupport_cpp.dir/all] Error 2
gmake[1]: *** [CMakeFiles/Makefile2:388: CMakeFiles/ros_study_msgs__rosidl_typesupport_introspection_cpp.dir/all] Error 2
gmake[1]: *** [CMakeFiles/Makefile2:362: CMakeFiles/ros_study_msgs__rosidl_typesupport_fastrtps_cpp.dir/all] Error 2
gmake: *** [Makefile:146: all] Error 2
