-- The C compiler identification is GNU 11.4.0
-- The CXX compiler identification is GNU 11.4.0
-- Detecting C compiler ABI info
-- Detecting C compiler ABI info - done
-- Check for working C compiler: /usr/bin/cc - skipped
-- Detecting C compile features
-- Detecting C compile features - done
-- Detecting CXX compiler ABI info
-- Detecting CXX compiler ABI info - done
-- Check for working CXX compiler: /usr/bin/c++ - skipped
-- Detecting CXX compile features
-- Detecting CXX compile features - done
-- Found ament_cmake: 1.3.14 (/opt/ros/humble/share/ament_cmake/cmake)
-- Found Python3: /usr/bin/python3 (found version "3.10.12") found components: Interpreter 
-- Found rosidl_default_generators: 1.2.1 (/opt/ros/humble/share/rosidl_default_generators/cmake)
-- Using all available rosidl_typesupport_c: rosidl_typesupport_fastrtps_c;rosidl_typesupport_introspection_c
-- Found rosidl_adapter: 3.1.8 (/opt/ros/humble/share/rosidl_adapter/cmake)
-- Using all available rosidl_typesupport_cpp: rosidl_typesupport_fastrtps_cpp;rosidl_typesupport_introspection_cpp
-- Found builtin_interfaces: 1.2.2 (/opt/ros/humble/share/builtin_interfaces/cmake)
-- Found ament_cmake_ros: 0.10.0 (/opt/ros/humble/share/ament_cmake_ros/cmake)
-- Using all available rosidl_typesupport_c: rosidl_typesupport_fastrtps_c;rosidl_typesupport_introspection_c
-- Using all available rosidl_typesupport_cpp: rosidl_typesupport_fastrtps_cpp;rosidl_typesupport_introspection_cpp
-- Found PythonInterp: /usr/bin/python3 (found suitable version "3.10.12", minimum required is "3.6") 
-- Found python_cmake_module: 0.10.0 (/opt/ros/humble/share/python_cmake_module/cmake)
-- Found PythonLibs: /usr/lib/x86_64-linux-gnu/libpython3.10.so (found suitable version "3.10.12", minimum required is "3.5") 
-- Using PYTHON_EXECUTABLE: /usr/bin/python3
-- Using PYTHON_INCLUDE_DIRS: /usr/include/python3.10
-- Using PYTHON_LIBRARIES: /usr/lib/x86_64-linux-gnu/libpython3.10.so
-- Found PythonExtra: .so  
-- Found ament_lint_auto: 0.12.15 (/opt/ros/humble/share/ament_lint_auto/cmake)
-- Added test 'lint_cmake' to check CMake code style
-- Added test 'xmllint' to check XML markup files
-- Configuring done
-- Generating done
-- Build files have been written to: /home/ubunut2204/ros2_ws/build/ros_study_msgs
[  2%] [34m[1mGenerating C code for ROS interfaces[0m
[  4%] [34m[1mGenerating Rust code for ROS interfaces[0m
[  6%] [34m[1mGenerating C++ code for ROS interfaces[0m
[  6%] Built target ament_cmake_python_copy_ros_study_msgs
running egg_info
creating ros_study_msgs.egg-info
writing ros_study_msgs.egg-info/PKG-INFO
writing dependency_links to ros_study_msgs.egg-info/dependency_links.txt
writing top-level names to ros_study_msgs.egg-info/top_level.txt
writing manifest file 'ros_study_msgs.egg-info/SOURCES.txt'
reading manifest file 'ros_study_msgs.egg-info/SOURCES.txt'
writing manifest file 'ros_study_msgs.egg-info/SOURCES.txt'
[  6%] Built target ament_cmake_python_build_ros_study_msgs_egg
[  6%] Built target ros_study_msgs__rs
[  6%] Built target ros_study_msgs__cpp
[ 10%] [34m[1mGenerating C++ introspection for ROS interfaces[0m
[ 10%] [34m[1mGenerating C++ type support for eProsima Fast-RTPS[0m
[ 12%] [34m[1mGenerating C++ type support dispatch for ROS interfaces[0m
[ 14%] [32mBuilding C object CMakeFiles/ros_study_msgs__rosidl_generator_c.dir/rosidl_generator_c/ros_study_msgs/msg/detail/my_msg__functions.c.o[0m
[ 16%] [32mBuilding C object CMakeFiles/ros_study_msgs__rosidl_generator_c.dir/rosidl_generator_c/ros_study_msgs/srv/detail/my_srv__functions.c.o[0m
[ 18%] [32mBuilding C object CMakeFiles/ros_study_msgs__rosidl_generator_c.dir/rosidl_generator_c/ros_study_msgs/action/detail/my_action__functions.c.o[0m
[ 20%] [32mBuilding CXX object CMakeFiles/ros_study_msgs__rosidl_typesupport_cpp.dir/rosidl_typesupport_cpp/ros_study_msgs/msg/my_msg__type_support.cpp.o[0m
[ 22%] [32mBuilding CXX object CMakeFiles/ros_study_msgs__rosidl_typesupport_cpp.dir/rosidl_typesupport_cpp/ros_study_msgs/srv/my_srv__type_support.cpp.o[0m
[ 25%] [32mBuilding CXX object CMakeFiles/ros_study_msgs__rosidl_typesupport_cpp.dir/rosidl_typesupport_cpp/ros_study_msgs/action/my_action__type_support.cpp.o[0m
[ 27%] [32mBuilding CXX object CMakeFiles/ros_study_msgs__rosidl_typesupport_introspection_cpp.dir/rosidl_typesupport_introspection_cpp/ros_study_msgs/srv/detail/my_srv__type_support.cpp.o[0m
[ 29%] [32mBuilding CXX object CMakeFiles/ros_study_msgs__rosidl_typesupport_introspection_cpp.dir/rosidl_typesupport_introspection_cpp/ros_study_msgs/action/detail/my_action__type_support.cpp.o[0m
[ 31%] [32mBuilding CXX object CMakeFiles/ros_study_msgs__rosidl_typesupport_introspection_cpp.dir/rosidl_typesupport_introspection_cpp/ros_study_msgs/msg/detail/my_msg__type_support.cpp.o[0m
[ 33%] [32mBuilding CXX object CMakeFiles/ros_study_msgs__rosidl_typesupport_fastrtps_cpp.dir/rosidl_typesupport_fastrtps_cpp/ros_study_msgs/msg/detail/dds_fastrtps/my_msg__type_support.cpp.o[0m
[ 35%] [32mBuilding CXX object CMakeFiles/ros_study_msgs__rosidl_typesupport_fastrtps_cpp.dir/rosidl_typesupport_fastrtps_cpp/ros_study_msgs/action/detail/dds_fastrtps/my_action__type_support.cpp.o[0m
[ 37%] [32mBuilding CXX object CMakeFiles/ros_study_msgs__rosidl_typesupport_fastrtps_cpp.dir/rosidl_typesupport_fastrtps_cpp/ros_study_msgs/srv/detail/dds_fastrtps/my_srv__type_support.cpp.o[0m
