[0.017s] Invoking command in '/home/ubunut2204/ros2_ws/build/ros_study_msgs': CMAKE_PREFIX_PATH=/opt/ros/humble /usr/bin/cmake /home/ubunut2204/ros2_ws/src/ros_study_msgs -DCMAKE_INSTALL_PREFIX=/home/ubunut2204/ros2_ws/install/ros_study_msgs
[0.260s] -- The C compiler identification is GNU 11.4.0
[0.618s] -- The CXX compiler identification is GNU 11.4.0
[0.826s] -- Detecting C compiler ABI info
[0.920s] -- Detecting C compiler ABI info - done
[0.926s] -- Check for working C compiler: /usr/bin/cc - skipped
[0.927s] -- Detecting C compile features
[0.927s] -- Detecting C compile features - done
[0.931s] -- Detecting CXX compiler ABI info
[1.061s] -- Detecting CXX compiler ABI info - done
[1.066s] -- Check for working CXX compiler: /usr/bin/c++ - skipped
[1.066s] -- Detecting CXX compile features
[1.067s] -- Detecting CXX compile features - done
[1.089s] -- Found ament_cmake: 1.3.14 (/opt/ros/humble/share/ament_cmake/cmake)
[1.220s] -- Found Python3: /usr/bin/python3 (found version "3.10.12") found components: Interpreter 
[1.334s] -- Found rosidl_default_generators: 1.2.1 (/opt/ros/humble/share/rosidl_default_generators/cmake)
[1.339s] -- Using all available rosidl_typesupport_c: rosidl_typesupport_fastrtps_c;rosidl_typesupport_introspection_c
[1.346s] -- Found rosidl_adapter: 3.1.8 (/opt/ros/humble/share/rosidl_adapter/cmake)
[1.546s] -- Using all available rosidl_typesupport_cpp: rosidl_typesupport_fastrtps_cpp;rosidl_typesupport_introspection_cpp
[1.617s] -- Found builtin_interfaces: 1.2.2 (/opt/ros/humble/share/builtin_interfaces/cmake)
[1.970s] -- Found ament_cmake_ros: 0.10.0 (/opt/ros/humble/share/ament_cmake_ros/cmake)
[2.241s] -- Using all available rosidl_typesupport_c: rosidl_typesupport_fastrtps_c;rosidl_typesupport_introspection_c
[2.566s] -- Using all available rosidl_typesupport_cpp: rosidl_typesupport_fastrtps_cpp;rosidl_typesupport_introspection_cpp
[2.681s] -- Found PythonInterp: /usr/bin/python3 (found suitable version "3.10.12", minimum required is "3.6") 
[2.683s] -- Found python_cmake_module: 0.10.0 (/opt/ros/humble/share/python_cmake_module/cmake)
[2.921s] -- Found PythonLibs: /usr/lib/x86_64-linux-gnu/libpython3.10.so (found suitable version "3.10.12", minimum required is "3.5") 
[2.921s] -- Using PYTHON_EXECUTABLE: /usr/bin/python3
[2.921s] -- Using PYTHON_INCLUDE_DIRS: /usr/include/python3.10
[2.921s] -- Using PYTHON_LIBRARIES: /usr/lib/x86_64-linux-gnu/libpython3.10.so
[2.938s] -- Found PythonExtra: .so  
[3.059s] -- Found ament_lint_auto: 0.12.15 (/opt/ros/humble/share/ament_lint_auto/cmake)
[3.088s] -- Added test 'lint_cmake' to check CMake code style
[3.090s] -- Added test 'xmllint' to check XML markup files
[3.093s] -- Configuring done
[3.141s] -- Generating done
[3.154s] -- Build files have been written to: /home/ubunut2204/ros2_ws/build/ros_study_msgs
[3.164s] Invoked command in '/home/ubunut2204/ros2_ws/build/ros_study_msgs' returned '0': CMAKE_PREFIX_PATH=/opt/ros/humble /usr/bin/cmake /home/ubunut2204/ros2_ws/src/ros_study_msgs -DCMAKE_INSTALL_PREFIX=/home/ubunut2204/ros2_ws/install/ros_study_msgs
[3.165s] Invoking command in '/home/ubunut2204/ros2_ws/build/ros_study_msgs': CMAKE_PREFIX_PATH=/opt/ros/humble /usr/bin/cmake --build /home/ubunut2204/ros2_ws/build/ros_study_msgs -- -j16 -l16
[3.196s] [  2%] [34m[1mGenerating C code for ROS interfaces[0m
[3.204s] [  4%] [34m[1mGenerating Rust code for ROS interfaces[0m
[3.214s] [  6%] [34m[1mGenerating C++ code for ROS interfaces[0m
[3.219s] [  6%] Built target ament_cmake_python_copy_ros_study_msgs
[3.489s] running egg_info
[3.490s] creating ros_study_msgs.egg-info
[3.491s] writing ros_study_msgs.egg-info/PKG-INFO
[3.491s] writing dependency_links to ros_study_msgs.egg-info/dependency_links.txt
[3.491s] writing top-level names to ros_study_msgs.egg-info/top_level.txt
[3.492s] writing manifest file 'ros_study_msgs.egg-info/SOURCES.txt'
[3.495s] reading manifest file 'ros_study_msgs.egg-info/SOURCES.txt'
[3.495s] writing manifest file 'ros_study_msgs.egg-info/SOURCES.txt'
[3.528s] [  6%] Built target ament_cmake_python_build_ros_study_msgs_egg
[3.598s] [  6%] Built target ros_study_msgs__rs
[3.754s] [  6%] Built target ros_study_msgs__cpp
[3.766s] [ 10%] [34m[1mGenerating C++ introspection for ROS interfaces[0m
[3.766s] [ 10%] [34m[1mGenerating C++ type support for eProsima Fast-RTPS[0m
[3.767s] [ 12%] [34m[1mGenerating C++ type support dispatch for ROS interfaces[0m
[3.774s] [ 14%] [32mBuilding C object CMakeFiles/ros_study_msgs__rosidl_generator_c.dir/rosidl_generator_c/ros_study_msgs/msg/detail/my_msg__functions.c.o[0m
[3.775s] [ 16%] [32mBuilding C object CMakeFiles/ros_study_msgs__rosidl_generator_c.dir/rosidl_generator_c/ros_study_msgs/srv/detail/my_srv__functions.c.o[0m
[3.779s] [ 18%] [32mBuilding C object CMakeFiles/ros_study_msgs__rosidl_generator_c.dir/rosidl_generator_c/ros_study_msgs/action/detail/my_action__functions.c.o[0m
[3.822s] In file included from [01m[K/home/ubunut2204/ros2_ws/build/ros_study_msgs/rosidl_generator_c/ros_study_msgs/action/detail/my_action__functions.h:19[m[K,
[3.822s]                  from [01m[K/home/ubunut2204/ros2_ws/build/ros_study_msgs/rosidl_generator_c/ros_study_msgs/action/detail/my_action__functions.c:4[m[K:
[3.822s] [01m[K/home/ubunut2204/ros2_ws/build/ros_study_msgs/rosidl_generator_c/ros_study_msgs/action/detail/my_action__struct.h:60:10:[m[K [01;31m[Kfatal error: [m[Kros_study_msgs/msg/detail/string__struct.h: No such file or directory
[3.822s]    60 | #include [01;31m[K"ros_study_msgs/msg/detail/string__struct.h"[m[K
[3.822s]       |          [01;31m[K^~~~~~~~~~~~~~~~~~~~~~~~~~~~~~~~~~~~~~~~~~~~[m[K
[3.822s] compilation terminated.
[3.823s] gmake[2]: *** [CMakeFiles/ros_study_msgs__rosidl_generator_c.dir/build.make:172: CMakeFiles/ros_study_msgs__rosidl_generator_c.dir/rosidl_generator_c/ros_study_msgs/action/detail/my_action__functions.c.o] Error 1
[3.823s] gmake[2]: *** Waiting for unfinished jobs....
[3.857s] gmake[1]: *** [CMakeFiles/Makefile2:232: CMakeFiles/ros_study_msgs__rosidl_generator_c.dir/all] Error 2
[3.857s] gmake[1]: *** Waiting for unfinished jobs....
[4.065s] [ 20%] [32mBuilding CXX object CMakeFiles/ros_study_msgs__rosidl_typesupport_cpp.dir/rosidl_typesupport_cpp/ros_study_msgs/msg/my_msg__type_support.cpp.o[0m
[4.065s] [ 22%] [32mBuilding CXX object CMakeFiles/ros_study_msgs__rosidl_typesupport_cpp.dir/rosidl_typesupport_cpp/ros_study_msgs/srv/my_srv__type_support.cpp.o[0m
[4.065s] [ 25%] [32mBuilding CXX object CMakeFiles/ros_study_msgs__rosidl_typesupport_cpp.dir/rosidl_typesupport_cpp/ros_study_msgs/action/my_action__type_support.cpp.o[0m
[4.151s] [ 27%] [32mBuilding CXX object CMakeFiles/ros_study_msgs__rosidl_typesupport_introspection_cpp.dir/rosidl_typesupport_introspection_cpp/ros_study_msgs/srv/detail/my_srv__type_support.cpp.o[0m
[4.151s] [ 29%] [32mBuilding CXX object CMakeFiles/ros_study_msgs__rosidl_typesupport_introspection_cpp.dir/rosidl_typesupport_introspection_cpp/ros_study_msgs/action/detail/my_action__type_support.cpp.o[0m
[4.151s] [ 31%] [32mBuilding CXX object CMakeFiles/ros_study_msgs__rosidl_typesupport_introspection_cpp.dir/rosidl_typesupport_introspection_cpp/ros_study_msgs/msg/detail/my_msg__type_support.cpp.o[0m
[4.161s] In file included from [01m[K/home/ubunut2204/ros2_ws/build/ros_study_msgs/rosidl_typesupport_cpp/ros_study_msgs/action/my_action__type_support.cpp:7[m[K:
[4.161s] [01m[K/home/ubunut2204/ros2_ws/build/ros_study_msgs/rosidl_generator_cpp/ros_study_msgs/action/detail/my_action__struct.hpp:249:10:[m[K [01;31m[Kfatal error: [m[Kros_study_msgs/msg/detail/string__struct.hpp: No such file or directory
[4.161s]   249 | #include [01;31m[K"ros_study_msgs/msg/detail/string__struct.hpp"[m[K
[4.162s]       |          [01;31m[K^~~~~~~~~~~~~~~~~~~~~~~~~~~~~~~~~~~~~~~~~~~~~~[m[K
[4.162s] compilation terminated.
[4.163s] gmake[2]: *** [CMakeFiles/ros_study_msgs__rosidl_typesupport_cpp.dir/build.make:129: CMakeFiles/ros_study_msgs__rosidl_typesupport_cpp.dir/rosidl_typesupport_cpp/ros_study_msgs/action/my_action__type_support.cpp.o] Error 1
[4.163s] gmake[2]: *** Waiting for unfinished jobs....
[4.211s] [ 33%] [32mBuilding CXX object CMakeFiles/ros_study_msgs__rosidl_typesupport_fastrtps_cpp.dir/rosidl_typesupport_fastrtps_cpp/ros_study_msgs/msg/detail/dds_fastrtps/my_msg__type_support.cpp.o[0m
[4.216s] [ 35%] [32mBuilding CXX object CMakeFiles/ros_study_msgs__rosidl_typesupport_fastrtps_cpp.dir/rosidl_typesupport_fastrtps_cpp/ros_study_msgs/action/detail/dds_fastrtps/my_action__type_support.cpp.o[0m
[4.216s] [ 37%] [32mBuilding CXX object CMakeFiles/ros_study_msgs__rosidl_typesupport_fastrtps_cpp.dir/rosidl_typesupport_fastrtps_cpp/ros_study_msgs/srv/detail/dds_fastrtps/my_srv__type_support.cpp.o[0m
[4.243s] In file included from [01m[K/home/ubunut2204/ros2_ws/build/ros_study_msgs/rosidl_typesupport_introspection_cpp/ros_study_msgs/action/detail/my_action__type_support.cpp:12[m[K:
[4.243s] [01m[K/home/ubunut2204/ros2_ws/build/ros_study_msgs/rosidl_generator_cpp/ros_study_msgs/action/detail/my_action__struct.hpp:249:10:[m[K [01;31m[Kfatal error: [m[Kros_study_msgs/msg/detail/string__struct.hpp: No such file or directory
[4.244s]   249 | #include [01;31m[K"ros_study_msgs/msg/detail/string__struct.hpp"[m[K
[4.244s]       |          [01;31m[K^~~~~~~~~~~~~~~~~~~~~~~~~~~~~~~~~~~~~~~~~~~~~~[m[K
[4.244s] compilation terminated.
[4.246s] gmake[2]: *** [CMakeFiles/ros_study_msgs__rosidl_typesupport_introspection_cpp.dir/build.make:140: CMakeFiles/ros_study_msgs__rosidl_typesupport_introspection_cpp.dir/rosidl_typesupport_introspection_cpp/ros_study_msgs/action/detail/my_action__type_support.cpp.o] Error 1
[4.246s] gmake[2]: *** Waiting for unfinished jobs....
[4.301s] In file included from [01m[K/home/ubunut2204/ros2_ws/build/ros_study_msgs/rosidl_typesupport_fastrtps_cpp/ros_study_msgs/action/detail/my_action__rosidl_typesupport_fastrtps_cpp.hpp:11[m[K,
[4.301s]                  from [01m[K/home/ubunut2204/ros2_ws/build/ros_study_msgs/rosidl_typesupport_fastrtps_cpp/ros_study_msgs/action/detail/dds_fastrtps/my_action__type_support.cpp:4[m[K:
[4.301s] [01m[K/home/ubunut2204/ros2_ws/build/ros_study_msgs/rosidl_generator_cpp/ros_study_msgs/action/detail/my_action__struct.hpp:249:10:[m[K [01;31m[Kfatal error: [m[Kros_study_msgs/msg/detail/string__struct.hpp: No such file or directory
[4.301s]   249 | #include [01;31m[K"ros_study_msgs/msg/detail/string__struct.hpp"[m[K
[4.301s]       |          [01;31m[K^~~~~~~~~~~~~~~~~~~~~~~~~~~~~~~~~~~~~~~~~~~~~~[m[K
[4.301s] compilation terminated.
[4.303s] gmake[2]: *** [CMakeFiles/ros_study_msgs__rosidl_typesupport_fastrtps_cpp.dir/build.make:140: CMakeFiles/ros_study_msgs__rosidl_typesupport_fastrtps_cpp.dir/rosidl_typesupport_fastrtps_cpp/ros_study_msgs/action/detail/dds_fastrtps/my_action__type_support.cpp.o] Error 1
[4.303s] gmake[2]: *** Waiting for unfinished jobs....
[4.428s] gmake[1]: *** [CMakeFiles/Makefile2:414: CMakeFiles/ros_study_msgs__rosidl_typesupport_cpp.dir/all] Error 2
[4.573s] gmake[1]: *** [CMakeFiles/Makefile2:388: CMakeFiles/ros_study_msgs__rosidl_typesupport_introspection_cpp.dir/all] Error 2
[4.636s] gmake[1]: *** [CMakeFiles/Makefile2:362: CMakeFiles/ros_study_msgs__rosidl_typesupport_fastrtps_cpp.dir/all] Error 2
[4.637s] gmake: *** [Makefile:146: all] Error 2
[4.639s] Invoked command in '/home/ubunut2204/ros2_ws/build/ros_study_msgs' returned '2': CMAKE_PREFIX_PATH=/opt/ros/humble /usr/bin/cmake --build /home/ubunut2204/ros2_ws/build/ros_study_msgs -- -j16 -l16
