[0.861s] Invoking command in '/home/ubunut2204/ros2_ws/src/ros_study_py': AMENT_PREFIX_PATH=/home/ubunut2204/ros2_ws/install/ros_study_msgs:${AMENT_PREFIX_PATH} CMAKE_PREFIX_PATH=/home/ubunut2204/ros2_ws/install/ros_study_msgs LD_LIBRARY_PATH=/home/ubunut2204/ros2_ws/install/ros_study_msgs/lib:${LD_LIBRARY_PATH} PYTHONPATH=/home/ubunut2204/ros2_ws/build/ros_study_py/prefix_override:/usr/lib/python3/dist-packages/colcon_core/task/python/colcon_distutils_commands:/home/ubunut2204/ros2_ws/install/ros_study_py/lib/python3.10/site-packages:/home/ubunut2204/ros2_ws/install/ros_study_msgs/local/lib/python3.10/dist-packages:${PYTHONPATH} /usr/bin/python3 -W ignore:setup.py install is deprecated -W ignore:easy_install command is deprecated setup.py egg_info --egg-base ../../build/ros_study_py build --build-base /home/ubunut2204/ros2_ws/build/ros_study_py/build install --record /home/ubunut2204/ros2_ws/build/ros_study_py/install.log --single-version-externally-managed install_data
[1.011s] running egg_info
[1.011s] creating ../../build/ros_study_py/ros_study_py.egg-info
[1.011s] writing ../../build/ros_study_py/ros_study_py.egg-info/PKG-INFO
[1.012s] writing dependency_links to ../../build/ros_study_py/ros_study_py.egg-info/dependency_links.txt
[1.012s] writing entry points to ../../build/ros_study_py/ros_study_py.egg-info/entry_points.txt
[1.012s] writing requirements to ../../build/ros_study_py/ros_study_py.egg-info/requires.txt
[1.012s] writing top-level names to ../../build/ros_study_py/ros_study_py.egg-info/top_level.txt
[1.012s] writing manifest file '../../build/ros_study_py/ros_study_py.egg-info/SOURCES.txt'
[1.013s] reading manifest file '../../build/ros_study_py/ros_study_py.egg-info/SOURCES.txt'
[1.014s] writing manifest file '../../build/ros_study_py/ros_study_py.egg-info/SOURCES.txt'
[1.014s] running build
[1.014s] running build_py
[1.014s] creating /home/ubunut2204/ros2_ws/build/ros_study_py/build
[1.015s] creating /home/ubunut2204/ros2_ws/build/ros_study_py/build/lib
[1.015s] creating /home/ubunut2204/ros2_ws/build/ros_study_py/build/lib/ros_study_py
[1.015s] copying ros_study_py/my_msg_test.py -> /home/ubunut2204/ros2_ws/build/ros_study_py/build/lib/ros_study_py
[1.015s] copying ros_study_py/__init__.py -> /home/ubunut2204/ros2_ws/build/ros_study_py/build/lib/ros_study_py
[1.015s] running install
[1.016s] running install_lib
[1.016s] creating /home/ubunut2204/ros2_ws/install/ros_study_py/lib/python3.10/site-packages/ros_study_py
[1.016s] copying /home/ubunut2204/ros2_ws/build/ros_study_py/build/lib/ros_study_py/my_msg_test.py -> /home/ubunut2204/ros2_ws/install/ros_study_py/lib/python3.10/site-packages/ros_study_py
[1.017s] copying /home/ubunut2204/ros2_ws/build/ros_study_py/build/lib/ros_study_py/__init__.py -> /home/ubunut2204/ros2_ws/install/ros_study_py/lib/python3.10/site-packages/ros_study_py
[1.017s] byte-compiling /home/ubunut2204/ros2_ws/install/ros_study_py/lib/python3.10/site-packages/ros_study_py/my_msg_test.py to my_msg_test.cpython-310.pyc
[1.018s] byte-compiling /home/ubunut2204/ros2_ws/install/ros_study_py/lib/python3.10/site-packages/ros_study_py/__init__.py to __init__.cpython-310.pyc
[1.018s] running install_data
[1.018s] creating /home/ubunut2204/ros2_ws/install/ros_study_py/share/ament_index
[1.018s] creating /home/ubunut2204/ros2_ws/install/ros_study_py/share/ament_index/resource_index
[1.018s] creating /home/ubunut2204/ros2_ws/install/ros_study_py/share/ament_index/resource_index/packages
[1.018s] copying resource/ros_study_py -> /home/ubunut2204/ros2_ws/install/ros_study_py/share/ament_index/resource_index/packages
[1.018s] copying package.xml -> /home/ubunut2204/ros2_ws/install/ros_study_py/share/ros_study_py
[1.019s] running install_egg_info
[1.020s] Copying ../../build/ros_study_py/ros_study_py.egg-info to /home/ubunut2204/ros2_ws/install/ros_study_py/lib/python3.10/site-packages/ros_study_py-0.0.0-py3.10.egg-info
[1.020s] running install_scripts
[1.038s] Installing my_msg_test script to /home/ubunut2204/ros2_ws/install/ros_study_py/lib/ros_study_py
[1.039s] writing list of installed files to '/home/ubunut2204/ros2_ws/build/ros_study_py/install.log'
[1.058s] Invoked command in '/home/ubunut2204/ros2_ws/src/ros_study_py' returned '0': AMENT_PREFIX_PATH=/home/ubunut2204/ros2_ws/install/ros_study_msgs:${AMENT_PREFIX_PATH} CMAKE_PREFIX_PATH=/home/ubunut2204/ros2_ws/install/ros_study_msgs LD_LIBRARY_PATH=/home/ubunut2204/ros2_ws/install/ros_study_msgs/lib:${LD_LIBRARY_PATH} PYTHONPATH=/home/ubunut2204/ros2_ws/build/ros_study_py/prefix_override:/usr/lib/python3/dist-packages/colcon_core/task/python/colcon_distutils_commands:/home/ubunut2204/ros2_ws/install/ros_study_py/lib/python3.10/site-packages:/home/ubunut2204/ros2_ws/install/ros_study_msgs/local/lib/python3.10/dist-packages:${PYTHONPATH} /usr/bin/python3 -W ignore:setup.py install is deprecated -W ignore:easy_install command is deprecated setup.py egg_info --egg-base ../../build/ros_study_py build --build-base /home/ubunut2204/ros2_ws/build/ros_study_py/build install --record /home/ubunut2204/ros2_ws/build/ros_study_py/install.log --single-version-externally-managed install_data
