[0.012s] Invoking command in '/home/ubunut2204/ros2_ws/build/my_robot_interfaces': CMAKE_PREFIX_PATH=/opt/ros/humble /usr/bin/cmake /home/ubunut2204/ros2_ws/src/my_robot_interfaces -DCMAKE_INSTALL_PREFIX=/home/ubunut2204/ros2_ws/install/my_robot_interfaces
[0.256s] -- The C compiler identification is GNU 11.4.0
[0.639s] -- The CXX compiler identification is GNU 11.4.0
[0.942s] -- Detecting C compiler ABI info
[1.081s] -- Detecting C compiler ABI info - done
[1.087s] -- Check for working C compiler: /usr/bin/cc - skipped
[1.087s] -- Detecting C compile features
[1.088s] -- Detecting C compile features - done
[1.092s] -- Detecting CXX compiler ABI info
[1.209s] -- Detecting CXX compiler ABI info - done
[1.215s] -- Check for working CXX compiler: /usr/bin/c++ - skipped
[1.215s] -- Detecting CXX compile features
[1.215s] -- Detecting CXX compile features - done
[1.233s] -- Found ament_cmake: 1.3.14 (/opt/ros/humble/share/ament_cmake/cmake)
[1.353s] -- Found Python3: /usr/bin/python3 (found version "3.10.12") found components: Interpreter 
[1.453s] -- Found ament_lint_auto: 0.12.15 (/opt/ros/humble/share/ament_lint_auto/cmake)
[1.522s] -- Added test 'lint_cmake' to check CMake code style
[1.525s] -- Added test 'xmllint' to check XML markup files
[1.528s] -- Configuring done
[1.532s] -- Generating done
[1.533s] -- Build files have been written to: /home/ubunut2204/ros2_ws/build/my_robot_interfaces
[1.537s] Invoked command in '/home/ubunut2204/ros2_ws/build/my_robot_interfaces' returned '0': CMAKE_PREFIX_PATH=/opt/ros/humble /usr/bin/cmake /home/ubunut2204/ros2_ws/src/my_robot_interfaces -DCMAKE_INSTALL_PREFIX=/home/ubunut2204/ros2_ws/install/my_robot_interfaces
[1.540s] Invoking command in '/home/ubunut2204/ros2_ws/build/my_robot_interfaces': CMAKE_PREFIX_PATH=/opt/ros/humble /usr/bin/cmake --build /home/ubunut2204/ros2_ws/build/my_robot_interfaces -- -j16 -l16
[1.567s] Invoked command in '/home/ubunut2204/ros2_ws/build/my_robot_interfaces' returned '0': CMAKE_PREFIX_PATH=/opt/ros/humble /usr/bin/cmake --build /home/ubunut2204/ros2_ws/build/my_robot_interfaces -- -j16 -l16
[1.577s] Invoking command in '/home/ubunut2204/ros2_ws/build/my_robot_interfaces': CMAKE_PREFIX_PATH=/opt/ros/humble /usr/bin/cmake --install /home/ubunut2204/ros2_ws/build/my_robot_interfaces
[1.582s] -- Install configuration: ""
[1.583s] -- Installing: /home/ubunut2204/ros2_ws/install/my_robot_interfaces/share/ament_index/resource_index/package_run_dependencies/my_robot_interfaces
[1.584s] -- Installing: /home/ubunut2204/ros2_ws/install/my_robot_interfaces/share/ament_index/resource_index/parent_prefix_path/my_robot_interfaces
[1.584s] -- Installing: /home/ubunut2204/ros2_ws/install/my_robot_interfaces/share/my_robot_interfaces/environment/ament_prefix_path.sh
[1.585s] -- Installing: /home/ubunut2204/ros2_ws/install/my_robot_interfaces/share/my_robot_interfaces/environment/ament_prefix_path.dsv
[1.585s] -- Installing: /home/ubunut2204/ros2_ws/install/my_robot_interfaces/share/my_robot_interfaces/environment/path.sh
[1.585s] -- Installing: /home/ubunut2204/ros2_ws/install/my_robot_interfaces/share/my_robot_interfaces/environment/path.dsv
[1.585s] -- Installing: /home/ubunut2204/ros2_ws/install/my_robot_interfaces/share/my_robot_interfaces/local_setup.bash
[1.585s] -- Installing: /home/ubunut2204/ros2_ws/install/my_robot_interfaces/share/my_robot_interfaces/local_setup.sh
[1.585s] -- Installing: /home/ubunut2204/ros2_ws/install/my_robot_interfaces/share/my_robot_interfaces/local_setup.zsh
[1.585s] -- Installing: /home/ubunut2204/ros2_ws/install/my_robot_interfaces/share/my_robot_interfaces/local_setup.dsv
[1.585s] -- Installing: /home/ubunut2204/ros2_ws/install/my_robot_interfaces/share/my_robot_interfaces/package.dsv
[1.586s] -- Installing: /home/ubunut2204/ros2_ws/install/my_robot_interfaces/share/ament_index/resource_index/packages/my_robot_interfaces
[1.586s] -- Installing: /home/ubunut2204/ros2_ws/install/my_robot_interfaces/share/my_robot_interfaces/cmake/my_robot_interfacesConfig.cmake
[1.586s] -- Installing: /home/ubunut2204/ros2_ws/install/my_robot_interfaces/share/my_robot_interfaces/cmake/my_robot_interfacesConfig-version.cmake
[1.586s] -- Installing: /home/ubunut2204/ros2_ws/install/my_robot_interfaces/share/my_robot_interfaces/package.xml
[1.588s] Invoked command in '/home/ubunut2204/ros2_ws/build/my_robot_interfaces' returned '0': CMAKE_PREFIX_PATH=/opt/ros/humble /usr/bin/cmake --install /home/ubunut2204/ros2_ws/build/my_robot_interfaces
