[0.018s] Invoking command in '/home/ubunut2204/ros2_ws/build/my_robot_interfaces': CMAKE_PREFIX_PATH=/opt/ros/humble /usr/bin/cmake --build /home/ubunut2204/ros2_ws/build/my_robot_interfaces -- -j16 -l16
[0.127s] -- Found ament_cmake: 1.3.14 (/opt/ros/humble/share/ament_cmake/cmake)
[0.271s] -- Found rosidl_default_generators: 1.2.1 (/opt/ros/humble/share/rosidl_default_generators/cmake)
[0.278s] -- Using all available rosidl_typesupport_c: rosidl_typesupport_fastrtps_c;rosidl_typesupport_introspection_c
[0.288s] -- Found rosidl_adapter: 3.1.8 (/opt/ros/humble/share/rosidl_adapter/cmake)
[0.459s] -- Using all available rosidl_typesupport_cpp: rosidl_typesupport_fastrtps_cpp;rosidl_typesupport_introspection_cpp
[0.509s] -- Found builtin_interfaces: 1.2.2 (/opt/ros/humble/share/builtin_interfaces/cmake)
[0.527s] -- Found geometry_msgs: 4.9.1 (/opt/ros/humble/share/geometry_msgs/cmake)
[0.565s] [31mCMake Error at /opt/ros/humble/share/rosidl_cmake/cmake/rosidl_generate_interfaces.cmake:93 (message):
[0.565s]   rosidl_generate_interfaces() the passed file 'srv/AddTwoInts.srv' doesn't
[0.565s]   exist relative to the CMAKE_CURRENT_SOURCE_DIR
[0.565s]   '/home/ubunut2204/ros2_ws/src/my_robot_interfaces'
[0.565s] Call Stack (most recent call first):
[0.565s]   CMakeLists.txt:30 (rosidl_generate_interfaces)
[0.565s] 
[0.565s] [0m
[0.565s] -- Configuring incomplete, errors occurred!
[0.565s] See also "/home/ubunut2204/ros2_ws/build/my_robot_interfaces/CMakeFiles/CMakeOutput.log".
[0.574s] gmake: *** [Makefile:226: cmake_check_build_system] Error 1
[0.576s] Invoked command in '/home/ubunut2204/ros2_ws/build/my_robot_interfaces' returned '2': CMAKE_PREFIX_PATH=/opt/ros/humble /usr/bin/cmake --build /home/ubunut2204/ros2_ws/build/my_robot_interfaces -- -j16 -l16
