running egg_info
writing ../../build/my_cam_pubsub/my_cam_pubsub.egg-info/PKG-INFO
writing dependency_links to ../../build/my_cam_pubsub/my_cam_pubsub.egg-info/dependency_links.txt
writing entry points to ../../build/my_cam_pubsub/my_cam_pubsub.egg-info/entry_points.txt
writing requirements to ../../build/my_cam_pubsub/my_cam_pubsub.egg-info/requires.txt
writing top-level names to ../../build/my_cam_pubsub/my_cam_pubsub.egg-info/top_level.txt
reading manifest file '../../build/my_cam_pubsub/my_cam_pubsub.egg-info/SOURCES.txt'
writing manifest file '../../build/my_cam_pubsub/my_cam_pubsub.egg-info/SOURCES.txt'
running build
running build_py
copying my_cam_pubsub/cam_sub.py -> /home/ubunut2204/ros2_ws/build/my_cam_pubsub/build/lib/my_cam_pubsub
running install
running install_lib
copying /home/ubunut2204/ros2_ws/build/my_cam_pubsub/build/lib/my_cam_pubsub/cam_sub.py -> /home/ubunut2204/ros2_ws/install/my_cam_pubsub/lib/python3.10/site-packages/my_cam_pubsub
byte-compiling /home/ubunut2204/ros2_ws/install/my_cam_pubsub/lib/python3.10/site-packages/my_cam_pubsub/cam_sub.py to cam_sub.cpython-310.pyc
running install_data
running install_egg_info
removing '/home/ubunut2204/ros2_ws/install/my_cam_pubsub/lib/python3.10/site-packages/my_cam_pubsub-0.0.0-py3.10.egg-info' (and everything under it)
Copying ../../build/my_cam_pubsub/my_cam_pubsub.egg-info to /home/ubunut2204/ros2_ws/install/my_cam_pubsub/lib/python3.10/site-packages/my_cam_pubsub-0.0.0-py3.10.egg-info
running install_scripts
Installing cam_pub script to /home/ubunut2204/ros2_ws/install/my_cam_pubsub/lib/my_cam_pubsub
Installing cam_sub script to /home/ubunut2204/ros2_ws/install/my_cam_pubsub/lib/my_cam_pubsub
writing list of installed files to '/home/ubunut2204/ros2_ws/build/my_cam_pubsub/install.log'
