[0.944s] Invoking command in '/home/ubunut2204/ros2_ws/src/my_cam_pubsub': PYTHONPATH=/home/ubunut2204/ros2_ws/build/my_cam_pubsub/prefix_override:/usr/lib/python3/dist-packages/colcon_core/task/python/colcon_distutils_commands:/home/ubunut2204/ros2_ws/install/my_cam_pubsub/lib/python3.10/site-packages:${PYTHONPATH} /usr/bin/python3 -W ignore:setup.py install is deprecated -W ignore:easy_install command is deprecated setup.py egg_info --egg-base ../../build/my_cam_pubsub build --build-base /home/ubunut2204/ros2_ws/build/my_cam_pubsub/build install --record /home/ubunut2204/ros2_ws/build/my_cam_pubsub/install.log --single-version-externally-managed install_data
[1.165s] running egg_info
[1.165s] writing ../../build/my_cam_pubsub/my_cam_pubsub.egg-info/PKG-INFO
[1.166s] writing dependency_links to ../../build/my_cam_pubsub/my_cam_pubsub.egg-info/dependency_links.txt
[1.166s] writing entry points to ../../build/my_cam_pubsub/my_cam_pubsub.egg-info/entry_points.txt
[1.166s] writing requirements to ../../build/my_cam_pubsub/my_cam_pubsub.egg-info/requires.txt
[1.166s] writing top-level names to ../../build/my_cam_pubsub/my_cam_pubsub.egg-info/top_level.txt
[1.168s] reading manifest file '../../build/my_cam_pubsub/my_cam_pubsub.egg-info/SOURCES.txt'
[1.170s] writing manifest file '../../build/my_cam_pubsub/my_cam_pubsub.egg-info/SOURCES.txt'
[1.170s] running build
[1.171s] running build_py
[1.171s] copying my_cam_pubsub/cam_sub.py -> /home/ubunut2204/ros2_ws/build/my_cam_pubsub/build/lib/my_cam_pubsub
[1.171s] running install
[1.172s] running install_lib
[1.173s] copying /home/ubunut2204/ros2_ws/build/my_cam_pubsub/build/lib/my_cam_pubsub/cam_sub.py -> /home/ubunut2204/ros2_ws/install/my_cam_pubsub/lib/python3.10/site-packages/my_cam_pubsub
[1.174s] byte-compiling /home/ubunut2204/ros2_ws/install/my_cam_pubsub/lib/python3.10/site-packages/my_cam_pubsub/cam_sub.py to cam_sub.cpython-310.pyc
[1.175s] running install_data
[1.175s] running install_egg_info
[1.177s] removing '/home/ubunut2204/ros2_ws/install/my_cam_pubsub/lib/python3.10/site-packages/my_cam_pubsub-0.0.0-py3.10.egg-info' (and everything under it)
[1.178s] Copying ../../build/my_cam_pubsub/my_cam_pubsub.egg-info to /home/ubunut2204/ros2_ws/install/my_cam_pubsub/lib/python3.10/site-packages/my_cam_pubsub-0.0.0-py3.10.egg-info
[1.180s] running install_scripts
[1.211s] Installing cam_pub script to /home/ubunut2204/ros2_ws/install/my_cam_pubsub/lib/my_cam_pubsub
[1.211s] Installing cam_sub script to /home/ubunut2204/ros2_ws/install/my_cam_pubsub/lib/my_cam_pubsub
[1.212s] writing list of installed files to '/home/ubunut2204/ros2_ws/build/my_cam_pubsub/install.log'
[1.247s] Invoked command in '/home/ubunut2204/ros2_ws/src/my_cam_pubsub' returned '0': PYTHONPATH=/home/ubunut2204/ros2_ws/build/my_cam_pubsub/prefix_override:/usr/lib/python3/dist-packages/colcon_core/task/python/colcon_distutils_commands:/home/ubunut2204/ros2_ws/install/my_cam_pubsub/lib/python3.10/site-packages:${PYTHONPATH} /usr/bin/python3 -W ignore:setup.py install is deprecated -W ignore:easy_install command is deprecated setup.py egg_info --egg-base ../../build/my_cam_pubsub build --build-base /home/ubunut2204/ros2_ws/build/my_cam_pubsub/build install --record /home/ubunut2204/ros2_ws/build/my_cam_pubsub/install.log --single-version-externally-managed install_data
