/home/ubunut2204/ros2_ws/install/my_first_package/lib/python3.10/site-packages/my_first_package/my_first_publisher.py
/home/ubunut2204/ros2_ws/install/my_first_package/lib/python3.10/site-packages/my_first_package/my_first_subscriber.py
/home/ubunut2204/ros2_ws/install/my_first_package/lib/python3.10/site-packages/my_first_package/my_first_node.py
/home/ubunut2204/ros2_ws/install/my_first_package/lib/python3.10/site-packages/my_first_package/__init__.py
/home/ubunut2204/ros2_ws/install/my_first_package/lib/python3.10/site-packages/my_first_package/__pycache__/my_first_publisher.cpython-310.pyc
/home/ubunut2204/ros2_ws/install/my_first_package/lib/python3.10/site-packages/my_first_package/__pycache__/my_first_subscriber.cpython-310.pyc
/home/ubunut2204/ros2_ws/install/my_first_package/lib/python3.10/site-packages/my_first_package/__pycache__/my_first_node.cpython-310.pyc
/home/ubunut2204/ros2_ws/install/my_first_package/lib/python3.10/site-packages/my_first_package/__pycache__/__init__.cpython-310.pyc
/home/ubunut2204/ros2_ws/install/my_first_package/share/ament_index/resource_index/packages/my_first_package
/home/ubunut2204/ros2_ws/install/my_first_package/share/my_first_package/package.xml
/home/ubunut2204/ros2_ws/install/my_first_package/lib/python3.10/site-packages/my_first_package-0.0.0-py3.10.egg-info/dependency_links.txt
/home/ubunut2204/ros2_ws/install/my_first_package/lib/python3.10/site-packages/my_first_package-0.0.0-py3.10.egg-info/top_level.txt
/home/ubunut2204/ros2_ws/install/my_first_package/lib/python3.10/site-packages/my_first_package-0.0.0-py3.10.egg-info/requires.txt
/home/ubunut2204/ros2_ws/install/my_first_package/lib/python3.10/site-packages/my_first_package-0.0.0-py3.10.egg-info/PKG-INFO
/home/ubunut2204/ros2_ws/install/my_first_package/lib/python3.10/site-packages/my_first_package-0.0.0-py3.10.egg-info/zip-safe
/home/ubunut2204/ros2_ws/install/my_first_package/lib/python3.10/site-packages/my_first_package-0.0.0-py3.10.egg-info/SOURCES.txt
/home/ubunut2204/ros2_ws/install/my_first_package/lib/python3.10/site-packages/my_first_package-0.0.0-py3.10.egg-info/entry_points.txt
/home/ubunut2204/ros2_ws/install/my_first_package/lib/my_first_package/my_first_node
/home/ubunut2204/ros2_ws/install/my_first_package/lib/my_first_package/my_publisher
/home/ubunut2204/ros2_ws/install/my_first_package/lib/my_first_package/my_subscriber
