[0.011s] Invoking command in '/home/ubunut2204/ros2_ws/build/my_robot_interfaces': CMAKE_PREFIX_PATH=/opt/ros/humble /usr/bin/cmake --build /home/ubunut2204/ros2_ws/build/my_robot_interfaces -- -j16 -l16
[0.028s] -- Found ament_cmake: 1.3.14 (/opt/ros/humble/share/ament_cmake/cmake)
[0.130s] -- Found rosidl_default_generators: 1.2.1 (/opt/ros/humble/share/rosidl_default_generators/cmake)
[0.130s] -- Using all available rosidl_typesupport_c: rosidl_typesupport_fastrtps_c;rosidl_typesupport_introspection_c
[0.132s] -- Found rosidl_adapter: 3.1.8 (/opt/ros/humble/share/rosidl_adapter/cmake)
[0.283s] -- Using all available rosidl_typesupport_cpp: rosidl_typesupport_fastrtps_cpp;rosidl_typesupport_introspection_cpp
[0.302s] -- Found builtin_interfaces: 1.2.2 (/opt/ros/humble/share/builtin_interfaces/cmake)
[0.309s] -- Found geometry_msgs: 4.9.1 (/opt/ros/humble/share/geometry_msgs/cmake)
[0.490s] [31mCMake Error at /opt/ros/humble/share/rosidl_adapter/cmake/rosidl_adapt_interfaces.cmake:59 (message):
[0.490s]   execute_process(/usr/bin/python3 -m rosidl_adapter --package-name
[0.490s]   my_robot_interfaces --arguments-file
[0.490s]   /home/ubunut2204/ros2_ws/build/my_robot_interfaces/rosidl_adapter__arguments__my_robot_interfaces.json
[0.490s]   --output-dir
[0.490s]   /home/ubunut2204/ros2_ws/build/my_robot_interfaces/rosidl_adapter/my_robot_interfaces
[0.490s]   --output-file
[0.490s]   /home/ubunut2204/ros2_ws/build/my_robot_interfaces/rosidl_adapter/my_robot_interfaces.idls)
[0.490s]   returned error code 1:
[0.490s] 
[0.490s]   Error processing '﻿int32 battery_level' of 'my_robot_interfaces/Status':
[0.490s]   ''﻿int32' is an invalid message name.  It should have the pattern
[0.490s]   '^[A-Z][A-Za-z0-9]*$''
[0.490s] 
[0.490s]   Traceback (most recent call last):
[0.490s] 
[0.490s]     File "/usr/lib/python3.10/runpy.py", line 196, in _run_module_as_main
[0.491s]       return _run_code(code, main_globals, None,
[0.491s]     File "/usr/lib/python3.10/runpy.py", line 86, in _run_code
[0.491s]       exec(code, run_globals)
[0.491s]     File "/opt/ros/humble/local/lib/python3.10/dist-packages/rosidl_adapter/__main__.py", line 19, in <module>
[0.491s]       sys.exit(main())
[0.491s]     File "/opt/ros/humble/local/lib/python3.10/dist-packages/rosidl_adapter/main.py", line 53, in main
[0.491s]       abs_idl_file = convert_to_idl(
[0.491s]     File "/opt/ros/humble/local/lib/python3.10/dist-packages/rosidl_adapter/__init__.py", line 19, in convert_to_idl
[0.491s]       return convert_msg_to_idl(
[0.491s]     File "/opt/ros/humble/local/lib/python3.10/dist-packages/rosidl_adapter/msg/__init__.py", line 28, in convert_msg_to_idl
[0.491s]       msg = parse_message_string(package_name, input_file.stem, content)
[0.491s]     File "/opt/ros/humble/local/lib/python3.10/dist-packages/rosidl_adapter/parser.py", line 520, in parse_message_string
[0.491s]       Type(type_string, context_package_name=pkg_name),
[0.491s]     File "/opt/ros/humble/local/lib/python3.10/dist-packages/rosidl_adapter/parser.py", line 277, in __init__
[0.491s]       super(Type, self).__init__(
[0.491s]     File "/opt/ros/humble/local/lib/python3.10/dist-packages/rosidl_adapter/parser.py", line 205, in __init__
[0.491s]       raise InvalidResourceName(
[0.491s] 
[0.491s]   rosidl_adapter.parser.InvalidResourceName: '﻿int32' is an invalid message
[0.491s]   name.  It should have the pattern '^[A-Z][A-Za-z0-9]*$'
[0.491s] 
[0.491s] Call Stack (most recent call first):
[0.491s]   /opt/ros/humble/share/rosidl_cmake/cmake/rosidl_generate_interfaces.cmake:130 (rosidl_adapt_interfaces)
[0.491s]   CMakeLists.txt:30 (rosidl_generate_interfaces)
[0.491s] 
[0.491s] [0m
[0.491s] -- Configuring incomplete, errors occurred!
[0.491s] See also "/home/ubunut2204/ros2_ws/build/my_robot_interfaces/CMakeFiles/CMakeOutput.log".
[0.495s] gmake: *** [Makefile:226: cmake_check_build_system] Error 1
[0.496s] Invoked command in '/home/ubunut2204/ros2_ws/build/my_robot_interfaces' returned '2': CMAKE_PREFIX_PATH=/opt/ros/humble /usr/bin/cmake --build /home/ubunut2204/ros2_ws/build/my_robot_interfaces -- -j16 -l16
