running develop
running egg_info
creating my_first_package.egg-info
writing my_first_package.egg-info/PKG-INFO
writing dependency_links to my_first_package.egg-info/dependency_links.txt
writing entry points to my_first_package.egg-info/entry_points.txt
writing requirements to my_first_package.egg-info/requires.txt
writing top-level names to my_first_package.egg-info/top_level.txt
writing manifest file 'my_first_package.egg-info/SOURCES.txt'
reading manifest file 'my_first_package.egg-info/SOURCES.txt'
writing manifest file 'my_first_package.egg-info/SOURCES.txt'
running build_ext
Creating /home/ubunut2204/ros2_ws/install/my_first_package/lib/python3.10/site-packages/my-first-package.egg-link (link to .)
Installing my_first_node script to /home/ubunut2204/ros2_ws/install/my_first_package/lib/my_first_package

Installed /home/ubunut2204/ros2_ws/build/my_first_package
running symlink_data
creating /home/ubunut2204/ros2_ws/install/my_first_package/share/ament_index
creating /home/ubunut2204/ros2_ws/install/my_first_package/share/ament_index/resource_index
creating /home/ubunut2204/ros2_ws/install/my_first_package/share/ament_index/resource_index/packages
symbolically linking /home/ubunut2204/ros2_ws/build/my_first_package/resource/my_first_package -> /home/ubunut2204/ros2_ws/install/my_first_package/share/ament_index/resource_index/packages
symbolically linking /home/ubunut2204/ros2_ws/build/my_first_package/package.xml -> /home/ubunut2204/ros2_ws/install/my_first_package/share/my_first_package
