[0.634s] Invoking command in '/home/ubunut2204/ros2_ws/build/my_first_package': PYTHONPATH=/home/ubunut2204/ros2_ws/build/my_first_package/prefix_override:/usr/lib/python3/dist-packages/colcon_core/task/python/colcon_distutils_commands:/home/ubunut2204/ros2_ws/install/my_first_package/lib/python3.10/site-packages:${PYTHONPATH} /usr/bin/python3 -W ignore:setup.py install is deprecated -W ignore:easy_install command is deprecated setup.py develop --editable --build-directory /home/ubunut2204/ros2_ws/build/my_first_package/build --no-deps symlink_data
[0.790s] running develop
[0.869s] running egg_info
[0.869s] creating my_first_package.egg-info
[0.869s] writing my_first_package.egg-info/PKG-INFO
[0.870s] writing dependency_links to my_first_package.egg-info/dependency_links.txt
[0.870s] writing entry points to my_first_package.egg-info/entry_points.txt
[0.870s] writing requirements to my_first_package.egg-info/requires.txt
[0.870s] writing top-level names to my_first_package.egg-info/top_level.txt
[0.870s] writing manifest file 'my_first_package.egg-info/SOURCES.txt'
[0.872s] reading manifest file 'my_first_package.egg-info/SOURCES.txt'
[0.872s] writing manifest file 'my_first_package.egg-info/SOURCES.txt'
[0.873s] running build_ext
[0.874s] Creating /home/ubunut2204/ros2_ws/install/my_first_package/lib/python3.10/site-packages/my-first-package.egg-link (link to .)
[0.874s] Installing my_first_node script to /home/ubunut2204/ros2_ws/install/my_first_package/lib/my_first_package
[0.875s] 
[0.875s] Installed /home/ubunut2204/ros2_ws/build/my_first_package
[0.875s] running symlink_data
[0.875s] creating /home/ubunut2204/ros2_ws/install/my_first_package/share/ament_index
[0.875s] creating /home/ubunut2204/ros2_ws/install/my_first_package/share/ament_index/resource_index
[0.875s] creating /home/ubunut2204/ros2_ws/install/my_first_package/share/ament_index/resource_index/packages
[0.875s] symbolically linking /home/ubunut2204/ros2_ws/build/my_first_package/resource/my_first_package -> /home/ubunut2204/ros2_ws/install/my_first_package/share/ament_index/resource_index/packages
[0.875s] symbolically linking /home/ubunut2204/ros2_ws/build/my_first_package/package.xml -> /home/ubunut2204/ros2_ws/install/my_first_package/share/my_first_package
[0.896s] Invoked command in '/home/ubunut2204/ros2_ws/build/my_first_package' returned '0': PYTHONPATH=/home/ubunut2204/ros2_ws/build/my_first_package/prefix_override:/usr/lib/python3/dist-packages/colcon_core/task/python/colcon_distutils_commands:/home/ubunut2204/ros2_ws/install/my_first_package/lib/python3.10/site-packages:${PYTHONPATH} /usr/bin/python3 -W ignore:setup.py install is deprecated -W ignore:easy_install command is deprecated setup.py develop --editable --build-directory /home/ubunut2204/ros2_ws/build/my_first_package/build --no-deps symlink_data
