[0.763s] Invoking command in '/home/ubunut2204/ros2_ws/src/my_cam_pubsub': PYTHONPATH=/home/ubunut2204/ros2_ws/build/my_cam_pubsub/prefix_override:/usr/lib/python3/dist-packages/colcon_core/task/python/colcon_distutils_commands:/home/ubunut2204/ros2_ws/install/my_cam_pubsub/lib/python3.10/site-packages:${PYTHONPATH} /usr/bin/python3 -W ignore:setup.py install is deprecated -W ignore:easy_install command is deprecated setup.py egg_info --egg-base ../../build/my_cam_pubsub build --build-base /home/ubunut2204/ros2_ws/build/my_cam_pubsub/build install --record /home/ubunut2204/ros2_ws/build/my_cam_pubsub/install.log --single-version-externally-managed install_data
[0.969s] running egg_info
[0.969s] creating ../../build/my_cam_pubsub/my_cam_pubsub.egg-info
[0.970s] writing ../../build/my_cam_pubsub/my_cam_pubsub.egg-info/PKG-INFO
[0.971s] writing dependency_links to ../../build/my_cam_pubsub/my_cam_pubsub.egg-info/dependency_links.txt
[0.971s] writing entry points to ../../build/my_cam_pubsub/my_cam_pubsub.egg-info/entry_points.txt
[0.971s] writing requirements to ../../build/my_cam_pubsub/my_cam_pubsub.egg-info/requires.txt
[0.971s] writing top-level names to ../../build/my_cam_pubsub/my_cam_pubsub.egg-info/top_level.txt
[0.971s] writing manifest file '../../build/my_cam_pubsub/my_cam_pubsub.egg-info/SOURCES.txt'
[0.973s] reading manifest file '../../build/my_cam_pubsub/my_cam_pubsub.egg-info/SOURCES.txt'
[0.973s] writing manifest file '../../build/my_cam_pubsub/my_cam_pubsub.egg-info/SOURCES.txt'
[0.973s] running build
[0.973s] running build_py
[0.974s] creating /home/ubunut2204/ros2_ws/build/my_cam_pubsub/build
[0.974s] creating /home/ubunut2204/ros2_ws/build/my_cam_pubsub/build/lib
[0.974s] creating /home/ubunut2204/ros2_ws/build/my_cam_pubsub/build/lib/my_cam_pubsub
[0.974s] copying my_cam_pubsub/cam_pub.py -> /home/ubunut2204/ros2_ws/build/my_cam_pubsub/build/lib/my_cam_pubsub
[0.974s] copying my_cam_pubsub/__init__.py -> /home/ubunut2204/ros2_ws/build/my_cam_pubsub/build/lib/my_cam_pubsub
[0.975s] copying my_cam_pubsub/cam_sub.py -> /home/ubunut2204/ros2_ws/build/my_cam_pubsub/build/lib/my_cam_pubsub
[0.975s] running install
[0.975s] running install_lib
[0.976s] creating /home/ubunut2204/ros2_ws/install/my_cam_pubsub/lib/python3.10/site-packages/my_cam_pubsub
[0.976s] copying /home/ubunut2204/ros2_ws/build/my_cam_pubsub/build/lib/my_cam_pubsub/cam_pub.py -> /home/ubunut2204/ros2_ws/install/my_cam_pubsub/lib/python3.10/site-packages/my_cam_pubsub
[0.976s] copying /home/ubunut2204/ros2_ws/build/my_cam_pubsub/build/lib/my_cam_pubsub/__init__.py -> /home/ubunut2204/ros2_ws/install/my_cam_pubsub/lib/python3.10/site-packages/my_cam_pubsub
[0.976s] copying /home/ubunut2204/ros2_ws/build/my_cam_pubsub/build/lib/my_cam_pubsub/cam_sub.py -> /home/ubunut2204/ros2_ws/install/my_cam_pubsub/lib/python3.10/site-packages/my_cam_pubsub
[0.977s] byte-compiling /home/ubunut2204/ros2_ws/install/my_cam_pubsub/lib/python3.10/site-packages/my_cam_pubsub/cam_pub.py to cam_pub.cpython-310.pyc
[0.977s] byte-compiling /home/ubunut2204/ros2_ws/install/my_cam_pubsub/lib/python3.10/site-packages/my_cam_pubsub/__init__.py to __init__.cpython-310.pyc
[0.977s] byte-compiling /home/ubunut2204/ros2_ws/install/my_cam_pubsub/lib/python3.10/site-packages/my_cam_pubsub/cam_sub.py to cam_sub.cpython-310.pyc
[0.978s] running install_data
[0.978s] creating /home/ubunut2204/ros2_ws/install/my_cam_pubsub/share/ament_index
[0.978s] creating /home/ubunut2204/ros2_ws/install/my_cam_pubsub/share/ament_index/resource_index
[0.978s] creating /home/ubunut2204/ros2_ws/install/my_cam_pubsub/share/ament_index/resource_index/packages
[0.978s] copying resource/my_cam_pubsub -> /home/ubunut2204/ros2_ws/install/my_cam_pubsub/share/ament_index/resource_index/packages
[0.978s] copying package.xml -> /home/ubunut2204/ros2_ws/install/my_cam_pubsub/share/my_cam_pubsub
[0.978s] running install_egg_info
[0.981s] Copying ../../build/my_cam_pubsub/my_cam_pubsub.egg-info to /home/ubunut2204/ros2_ws/install/my_cam_pubsub/lib/python3.10/site-packages/my_cam_pubsub-0.0.0-py3.10.egg-info
[0.982s] running install_scripts
[1.016s] Installing cam_pub script to /home/ubunut2204/ros2_ws/install/my_cam_pubsub/lib/my_cam_pubsub
[1.016s] Installing cam_sub script to /home/ubunut2204/ros2_ws/install/my_cam_pubsub/lib/my_cam_pubsub
[1.017s] writing list of installed files to '/home/ubunut2204/ros2_ws/build/my_cam_pubsub/install.log'
[1.042s] Invoked command in '/home/ubunut2204/ros2_ws/src/my_cam_pubsub' returned '0': PYTHONPATH=/home/ubunut2204/ros2_ws/build/my_cam_pubsub/prefix_override:/usr/lib/python3/dist-packages/colcon_core/task/python/colcon_distutils_commands:/home/ubunut2204/ros2_ws/install/my_cam_pubsub/lib/python3.10/site-packages:${PYTHONPATH} /usr/bin/python3 -W ignore:setup.py install is deprecated -W ignore:easy_install command is deprecated setup.py egg_info --egg-base ../../build/my_cam_pubsub build --build-base /home/ubunut2204/ros2_ws/build/my_cam_pubsub/build install --record /home/ubunut2204/ros2_ws/build/my_cam_pubsub/install.log --single-version-externally-managed install_data
