[0.695s] Invoking command in '/home/ubunut2204/ros2_ws/src/py_pubsub': PYTHONPATH=/home/ubunut2204/ros2_ws/build/py_pubsub/prefix_override:/usr/lib/python3/dist-packages/colcon_core/task/python/colcon_distutils_commands:/home/ubunut2204/ros2_ws/install/py_pubsub/lib/python3.10/site-packages:${PYTHONPATH} /usr/bin/python3 -W ignore:setup.py install is deprecated -W ignore:easy_install command is deprecated setup.py egg_info --egg-base ../../build/py_pubsub build --build-base /home/ubunut2204/ros2_ws/build/py_pubsub/build install --record /home/ubunut2204/ros2_ws/build/py_pubsub/install.log --single-version-externally-managed install_data
[0.865s] running egg_info
[0.865s] creating ../../build/py_pubsub/py_pubsub.egg-info
[0.865s] writing ../../build/py_pubsub/py_pubsub.egg-info/PKG-INFO
[0.865s] writing dependency_links to ../../build/py_pubsub/py_pubsub.egg-info/dependency_links.txt
[0.866s] writing entry points to ../../build/py_pubsub/py_pubsub.egg-info/entry_points.txt
[0.866s] writing requirements to ../../build/py_pubsub/py_pubsub.egg-info/requires.txt
[0.866s] writing top-level names to ../../build/py_pubsub/py_pubsub.egg-info/top_level.txt
[0.866s] writing manifest file '../../build/py_pubsub/py_pubsub.egg-info/SOURCES.txt'
[0.867s] reading manifest file '../../build/py_pubsub/py_pubsub.egg-info/SOURCES.txt'
[0.867s] writing manifest file '../../build/py_pubsub/py_pubsub.egg-info/SOURCES.txt'
[0.868s] running build
[0.868s] running build_py
[0.868s] creating /home/ubunut2204/ros2_ws/build/py_pubsub/build
[0.868s] creating /home/ubunut2204/ros2_ws/build/py_pubsub/build/lib
[0.868s] creating /home/ubunut2204/ros2_ws/build/py_pubsub/build/lib/py_pubsub
[0.869s] copying py_pubsub/publisher_member_function.py -> /home/ubunut2204/ros2_ws/build/py_pubsub/build/lib/py_pubsub
[0.870s] copying py_pubsub/__init__.py -> /home/ubunut2204/ros2_ws/build/py_pubsub/build/lib/py_pubsub
[0.870s] copying py_pubsub/subscriber_member_function.py -> /home/ubunut2204/ros2_ws/build/py_pubsub/build/lib/py_pubsub
[0.871s] running install
[0.871s] running install_lib
[0.872s] creating /home/ubunut2204/ros2_ws/install/py_pubsub/lib/python3.10/site-packages/py_pubsub
[0.872s] copying /home/ubunut2204/ros2_ws/build/py_pubsub/build/lib/py_pubsub/publisher_member_function.py -> /home/ubunut2204/ros2_ws/install/py_pubsub/lib/python3.10/site-packages/py_pubsub
[0.872s] copying /home/ubunut2204/ros2_ws/build/py_pubsub/build/lib/py_pubsub/__init__.py -> /home/ubunut2204/ros2_ws/install/py_pubsub/lib/python3.10/site-packages/py_pubsub
[0.872s] copying /home/ubunut2204/ros2_ws/build/py_pubsub/build/lib/py_pubsub/subscriber_member_function.py -> /home/ubunut2204/ros2_ws/install/py_pubsub/lib/python3.10/site-packages/py_pubsub
[0.873s] byte-compiling /home/ubunut2204/ros2_ws/install/py_pubsub/lib/python3.10/site-packages/py_pubsub/publisher_member_function.py to publisher_member_function.cpython-310.pyc
[0.874s] byte-compiling /home/ubunut2204/ros2_ws/install/py_pubsub/lib/python3.10/site-packages/py_pubsub/__init__.py to __init__.cpython-310.pyc
[0.874s] byte-compiling /home/ubunut2204/ros2_ws/install/py_pubsub/lib/python3.10/site-packages/py_pubsub/subscriber_member_function.py to subscriber_member_function.cpython-310.pyc
[0.875s] running install_data
[0.875s] creating /home/ubunut2204/ros2_ws/install/py_pubsub/share/ament_index
[0.875s] creating /home/ubunut2204/ros2_ws/install/py_pubsub/share/ament_index/resource_index
[0.875s] creating /home/ubunut2204/ros2_ws/install/py_pubsub/share/ament_index/resource_index/packages
[0.875s] copying resource/py_pubsub -> /home/ubunut2204/ros2_ws/install/py_pubsub/share/ament_index/resource_index/packages
[0.875s] copying package.xml -> /home/ubunut2204/ros2_ws/install/py_pubsub/share/py_pubsub
[0.875s] running install_egg_info
[0.877s] Copying ../../build/py_pubsub/py_pubsub.egg-info to /home/ubunut2204/ros2_ws/install/py_pubsub/lib/python3.10/site-packages/py_pubsub-0.0.0-py3.10.egg-info
[0.878s] running install_scripts
[0.896s] Installing listener script to /home/ubunut2204/ros2_ws/install/py_pubsub/lib/py_pubsub
[0.896s] Installing talker script to /home/ubunut2204/ros2_ws/install/py_pubsub/lib/py_pubsub
[0.897s] writing list of installed files to '/home/ubunut2204/ros2_ws/build/py_pubsub/install.log'
[0.920s] Invoked command in '/home/ubunut2204/ros2_ws/src/py_pubsub' returned '0': PYTHONPATH=/home/ubunut2204/ros2_ws/build/py_pubsub/prefix_override:/usr/lib/python3/dist-packages/colcon_core/task/python/colcon_distutils_commands:/home/ubunut2204/ros2_ws/install/py_pubsub/lib/python3.10/site-packages:${PYTHONPATH} /usr/bin/python3 -W ignore:setup.py install is deprecated -W ignore:easy_install command is deprecated setup.py egg_info --egg-base ../../build/py_pubsub build --build-base /home/ubunut2204/ros2_ws/build/py_pubsub/build install --record /home/ubunut2204/ros2_ws/build/py_pubsub/install.log --single-version-externally-managed install_data
