running develop
Removing /home/ubunut2204/ros2_ws/install/my_first_package/lib/python3.10/site-packages/my-first-package.egg-link (link to .)
running egg_info
writing ../../build/my_first_package/my_first_package.egg-info/PKG-INFO
writing dependency_links to ../../build/my_first_package/my_first_package.egg-info/dependency_links.txt
writing entry points to ../../build/my_first_package/my_first_package.egg-info/entry_points.txt
writing requirements to ../../build/my_first_package/my_first_package.egg-info/requires.txt
writing top-level names to ../../build/my_first_package/my_first_package.egg-info/top_level.txt
reading manifest file '../../build/my_first_package/my_first_package.egg-info/SOURCES.txt'
writing manifest file '../../build/my_first_package/my_first_package.egg-info/SOURCES.txt'
running build
running build_py
creating /home/ubunut2204/ros2_ws/build/my_first_package/build
creating /home/ubunut2204/ros2_ws/build/my_first_package/build/lib
creating /home/ubunut2204/ros2_ws/build/my_first_package/build/lib/my_first_package
copying my_first_package/my_first_publisher.py -> /home/ubunut2204/ros2_ws/build/my_first_package/build/lib/my_first_package
copying my_first_package/my_first_subscriber.py -> /home/ubunut2204/ros2_ws/build/my_first_package/build/lib/my_first_package
copying my_first_package/my_first_node.py -> /home/ubunut2204/ros2_ws/build/my_first_package/build/lib/my_first_package
copying my_first_package/__init__.py -> /home/ubunut2204/ros2_ws/build/my_first_package/build/lib/my_first_package
running install
running install_lib
creating /home/ubunut2204/ros2_ws/install/my_first_package/lib/python3.10/site-packages/my_first_package
copying /home/ubunut2204/ros2_ws/build/my_first_package/build/lib/my_first_package/my_first_publisher.py -> /home/ubunut2204/ros2_ws/install/my_first_package/lib/python3.10/site-packages/my_first_package
copying /home/ubunut2204/ros2_ws/build/my_first_package/build/lib/my_first_package/my_first_subscriber.py -> /home/ubunut2204/ros2_ws/install/my_first_package/lib/python3.10/site-packages/my_first_package
copying /home/ubunut2204/ros2_ws/build/my_first_package/build/lib/my_first_package/my_first_node.py -> /home/ubunut2204/ros2_ws/install/my_first_package/lib/python3.10/site-packages/my_first_package
copying /home/ubunut2204/ros2_ws/build/my_first_package/build/lib/my_first_package/__init__.py -> /home/ubunut2204/ros2_ws/install/my_first_package/lib/python3.10/site-packages/my_first_package
byte-compiling /home/ubunut2204/ros2_ws/install/my_first_package/lib/python3.10/site-packages/my_first_package/my_first_publisher.py to my_first_publisher.cpython-310.pyc
byte-compiling /home/ubunut2204/ros2_ws/install/my_first_package/lib/python3.10/site-packages/my_first_package/my_first_subscriber.py to my_first_subscriber.cpython-310.pyc
byte-compiling /home/ubunut2204/ros2_ws/install/my_first_package/lib/python3.10/site-packages/my_first_package/my_first_node.py to my_first_node.cpython-310.pyc
byte-compiling /home/ubunut2204/ros2_ws/install/my_first_package/lib/python3.10/site-packages/my_first_package/__init__.py to __init__.cpython-310.pyc
running install_data
copying resource/my_first_package -> /home/ubunut2204/ros2_ws/install/my_first_package/share/ament_index/resource_index/packages
copying package.xml -> /home/ubunut2204/ros2_ws/install/my_first_package/share/my_first_package
running install_egg_info
Copying ../../build/my_first_package/my_first_package.egg-info to /home/ubunut2204/ros2_ws/install/my_first_package/lib/python3.10/site-packages/my_first_package-0.0.0-py3.10.egg-info
running install_scripts
Installing my_first_node script to /home/ubunut2204/ros2_ws/install/my_first_package/lib/my_first_package
Installing my_publisher script to /home/ubunut2204/ros2_ws/install/my_first_package/lib/my_first_package
Installing my_subscriber script to /home/ubunut2204/ros2_ws/install/my_first_package/lib/my_first_package
writing list of installed files to '/home/ubunut2204/ros2_ws/build/my_first_package/install.log'
