-- Found ament_cmake: 1.3.14 (/opt/ros/humble/share/ament_cmake/cmake)
-- Found rosidl_default_generators: 1.2.1 (/opt/ros/humble/share/rosidl_default_generators/cmake)
-- Using all available rosidl_typesupport_c: rosidl_typesupport_fastrtps_c;rosidl_typesupport_introspection_c
-- Found rosidl_adapter: 3.1.8 (/opt/ros/humble/share/rosidl_adapter/cmake)
-- Using all available rosidl_typesupport_cpp: rosidl_typesupport_fastrtps_cpp;rosidl_typesupport_introspection_cpp
-- Found builtin_interfaces: 1.2.2 (/opt/ros/humble/share/builtin_interfaces/cmake)
-- Found ament_cmake_ros: 0.10.0 (/opt/ros/humble/share/ament_cmake_ros/cmake)
-- Using all available rosidl_typesupport_c: rosidl_typesupport_fastrtps_c;rosidl_typesupport_introspection_c
-- Using all available rosidl_typesupport_cpp: rosidl_typesupport_fastrtps_cpp;rosidl_typesupport_introspection_cpp
-- Found python_cmake_module: 0.10.0 (/opt/ros/humble/share/python_cmake_module/cmake)
-- Using PYTHON_EXECUTABLE: /usr/bin/python3
-- Using PYTHON_INCLUDE_DIRS: /usr/include/python3.10
-- Using PYTHON_LIBRARIES: /usr/lib/x86_64-linux-gnu/libpython3.10.so
-- Found ament_lint_auto: 0.12.15 (/opt/ros/humble/share/ament_lint_auto/cmake)
-- Added test 'lint_cmake' to check CMake code style
-- Added test 'xmllint' to check XML markup files
-- Configuring done
-- Generating done
-- Build files have been written to: /home/ubunut2204/ros2_ws/build/ros_study_msgs
[  2%] [34m[1mGenerating C code for ROS interfaces[0m
[  4%] [34m[1mGenerating Rust code for ROS interfaces[0m
[  6%] [34m[1mGenerating C++ code for ROS interfaces[0m
[  6%] Built target ament_cmake_python_copy_ros_study_msgs
running egg_info
writing ros_study_msgs.egg-info/PKG-INFO
writing dependency_links to ros_study_msgs.egg-info/dependency_links.txt
writing top-level names to ros_study_msgs.egg-info/top_level.txt
reading manifest file 'ros_study_msgs.egg-info/SOURCES.txt'
writing manifest file 'ros_study_msgs.egg-info/SOURCES.txt'
[  6%] Built target ament_cmake_python_build_ros_study_msgs_egg
[  6%] Built target ros_study_msgs__rs
[35m[1mConsolidate compiler generated dependencies of target ros_study_msgs__rosidl_generator_c[0m
[  8%] [32mBuilding C object CMakeFiles/ros_study_msgs__rosidl_generator_c.dir/rosidl_generator_c/ros_study_msgs/srv/detail/my_srv__functions.c.o[0m
[  8%] Built target ros_study_msgs__cpp
[ 10%] [32mBuilding C object CMakeFiles/ros_study_msgs__rosidl_generator_c.dir/rosidl_generator_c/ros_study_msgs/msg/detail/my_msg__functions.c.o[0m
[ 12%] [32mBuilding C object CMakeFiles/ros_study_msgs__rosidl_generator_c.dir/rosidl_generator_c/ros_study_msgs/action/detail/my_action__functions.c.o[0m
[ 16%] [34m[1mGenerating C++ introspection for ROS interfaces[0m
[ 16%] [34m[1mGenerating C++ type support for eProsima Fast-RTPS[0m
[ 18%] [34m[1mGenerating C++ type support dispatch for ROS interfaces[0m
[ 20%] [32m[1mLinking C shared library libros_study_msgs__rosidl_generator_c.so[0m
[ 20%] Built target ros_study_msgs__rosidl_generator_c
[ 25%] [34m[1mGenerating C type support for eProsima Fast-RTPS[0m
[ 25%] [34m[1mGenerating C type support dispatch for ROS interfaces[0m
[ 27%] [34m[1mGenerating C introspection for ROS interfaces[0m
[35m[1mConsolidate compiler generated dependencies of target ros_study_msgs__rosidl_typesupport_cpp[0m
[ 29%] [32mBuilding CXX object CMakeFiles/ros_study_msgs__rosidl_typesupport_cpp.dir/rosidl_typesupport_cpp/ros_study_msgs/msg/my_msg__type_support.cpp.o[0m
[ 31%] [32mBuilding CXX object CMakeFiles/ros_study_msgs__rosidl_typesupport_cpp.dir/rosidl_typesupport_cpp/ros_study_msgs/action/my_action__type_support.cpp.o[0m
[ 33%] [32mBuilding CXX object CMakeFiles/ros_study_msgs__rosidl_typesupport_cpp.dir/rosidl_typesupport_cpp/ros_study_msgs/srv/my_srv__type_support.cpp.o[0m
[35m[1mConsolidate compiler generated dependencies of target ros_study_msgs__rosidl_typesupport_introspection_cpp[0m
[ 35%] [32mBuilding CXX object CMakeFiles/ros_study_msgs__rosidl_typesupport_introspection_cpp.dir/rosidl_typesupport_introspection_cpp/ros_study_msgs/srv/detail/my_srv__type_support.cpp.o[0m
[ 37%] [32mBuilding CXX object CMakeFiles/ros_study_msgs__rosidl_typesupport_introspection_cpp.dir/rosidl_typesupport_introspection_cpp/ros_study_msgs/action/detail/my_action__type_support.cpp.o[0m
[ 39%] [32mBuilding CXX object CMakeFiles/ros_study_msgs__rosidl_typesupport_introspection_cpp.dir/rosidl_typesupport_introspection_cpp/ros_study_msgs/msg/detail/my_msg__type_support.cpp.o[0m
[35m[1mConsolidate compiler generated dependencies of target ros_study_msgs__rosidl_typesupport_fastrtps_cpp[0m
[ 43%] [32mBuilding CXX object CMakeFiles/ros_study_msgs__rosidl_typesupport_fastrtps_cpp.dir/rosidl_typesupport_fastrtps_cpp/ros_study_msgs/srv/detail/dds_fastrtps/my_srv__type_support.cpp.o[0m
[ 43%] [32mBuilding CXX object CMakeFiles/ros_study_msgs__rosidl_typesupport_fastrtps_cpp.dir/rosidl_typesupport_fastrtps_cpp/ros_study_msgs/action/detail/dds_fastrtps/my_action__type_support.cpp.o[0m
[ 45%] [32mBuilding CXX object CMakeFiles/ros_study_msgs__rosidl_typesupport_fastrtps_cpp.dir/rosidl_typesupport_fastrtps_cpp/ros_study_msgs/msg/detail/dds_fastrtps/my_msg__type_support.cpp.o[0m
[ 47%] [32mBuilding CXX object CMakeFiles/ros_study_msgs__rosidl_typesupport_c.dir/rosidl_typesupport_c/ros_study_msgs/action/my_action__type_support.cpp.o[0m
[ 50%] [32mBuilding CXX object CMakeFiles/ros_study_msgs__rosidl_typesupport_c.dir/rosidl_typesupport_c/ros_study_msgs/msg/my_msg__type_support.cpp.o[0m
[ 52%] [32mBuilding CXX object CMakeFiles/ros_study_msgs__rosidl_typesupport_c.dir/rosidl_typesupport_c/ros_study_msgs/srv/my_srv__type_support.cpp.o[0m
[ 54%] [32m[1mLinking CXX shared library libros_study_msgs__rosidl_typesupport_c.so[0m
[ 58%] [32mBuilding C object CMakeFiles/ros_study_msgs__rosidl_typesupport_introspection_c.dir/rosidl_typesupport_introspection_c/ros_study_msgs/msg/detail/my_msg__type_support.c.o[0m
[ 58%] [32mBuilding C object CMakeFiles/ros_study_msgs__rosidl_typesupport_introspection_c.dir/rosidl_typesupport_introspection_c/ros_study_msgs/action/detail/my_action__type_support.c.o[0m
[ 60%] [32mBuilding C object CMakeFiles/ros_study_msgs__rosidl_typesupport_introspection_c.dir/rosidl_typesupport_introspection_c/ros_study_msgs/srv/detail/my_srv__type_support.c.o[0m
[ 62%] [32mBuilding CXX object CMakeFiles/ros_study_msgs__rosidl_typesupport_fastrtps_c.dir/rosidl_typesupport_fastrtps_c/ros_study_msgs/srv/detail/my_srv__type_support_c.cpp.o[0m
[ 64%] [32mBuilding CXX object CMakeFiles/ros_study_msgs__rosidl_typesupport_fastrtps_c.dir/rosidl_typesupport_fastrtps_c/ros_study_msgs/msg/detail/my_msg__type_support_c.cpp.o[0m
[ 66%] [32mBuilding CXX object CMakeFiles/ros_study_msgs__rosidl_typesupport_fastrtps_c.dir/rosidl_typesupport_fastrtps_c/ros_study_msgs/action/detail/my_action__type_support_c.cpp.o[0m
[ 68%] [32m[1mLinking C shared library libros_study_msgs__rosidl_typesupport_introspection_c.so[0m
[ 68%] Built target ros_study_msgs__rosidl_typesupport_c
[ 70%] [32m[1mLinking CXX shared library libros_study_msgs__rosidl_typesupport_cpp.so[0m
[ 70%] Built target ros_study_msgs__rosidl_typesupport_introspection_c
[ 70%] Built target ros_study_msgs__rosidl_typesupport_cpp
[ 72%] [32m[1mLinking CXX shared library libros_study_msgs__rosidl_typesupport_fastrtps_cpp.so[0m
[ 75%] [32m[1mLinking CXX shared library libros_study_msgs__rosidl_typesupport_introspection_cpp.so[0m
[ 77%] [32m[1mLinking CXX shared library libros_study_msgs__rosidl_typesupport_fastrtps_c.so[0m
[ 77%] Built target ros_study_msgs__rosidl_typesupport_fastrtps_cpp
[ 77%] Built target ros_study_msgs__rosidl_typesupport_introspection_cpp
[ 77%] Built target ros_study_msgs__rosidl_typesupport_fastrtps_c
[ 77%] Built target ros_study_msgs
[ 79%] [34m[1mGenerating Python code for ROS interfaces[0m
[ 79%] Built target ros_study_msgs__py
[ 85%] [32mBuilding C object CMakeFiles/ros_study_msgs__rosidl_generator_py.dir/rosidl_generator_py/ros_study_msgs/msg/_my_msg_s.c.o[0m
[ 85%] [32mBuilding C object CMakeFiles/ros_study_msgs__rosidl_generator_py.dir/rosidl_generator_py/ros_study_msgs/action/_my_action_s.c.o[0m
[ 85%] [32mBuilding C object CMakeFiles/ros_study_msgs__rosidl_generator_py.dir/rosidl_generator_py/ros_study_msgs/srv/_my_srv_s.c.o[0m
[ 87%] [32m[1mLinking C shared library rosidl_generator_py/ros_study_msgs/libros_study_msgs__rosidl_generator_py.so[0m
[ 87%] Built target ros_study_msgs__rosidl_generator_py
[ 89%] [32mBuilding C object CMakeFiles/ros_study_msgs__rosidl_typesupport_introspection_c__pyext.dir/rosidl_generator_py/ros_study_msgs/_ros_study_msgs_s.ep.rosidl_typesupport_introspection_c.c.o[0m
[ 91%] [32mBuilding C object CMakeFiles/ros_study_msgs__rosidl_typesupport_fastrtps_c__pyext.dir/rosidl_generator_py/ros_study_msgs/_ros_study_msgs_s.ep.rosidl_typesupport_fastrtps_c.c.o[0m
[ 93%] [32mBuilding C object CMakeFiles/ros_study_msgs__rosidl_typesupport_c__pyext.dir/rosidl_generator_py/ros_study_msgs/_ros_study_msgs_s.ep.rosidl_typesupport_c.c.o[0m
[ 97%] [32m[1mLinking C shared library rosidl_generator_py/ros_study_msgs/ros_study_msgs_s__rosidl_typesupport_introspection_c.cpython-310-x86_64-linux-gnu.so[0m
[ 97%] [32m[1mLinking C shared library rosidl_generator_py/ros_study_msgs/ros_study_msgs_s__rosidl_typesupport_fastrtps_c.cpython-310-x86_64-linux-gnu.so[0m
[100%] [32m[1mLinking C shared library rosidl_generator_py/ros_study_msgs/ros_study_msgs_s__rosidl_typesupport_c.cpython-310-x86_64-linux-gnu.so[0m
[100%] Built target ros_study_msgs__rosidl_typesupport_introspection_c__pyext
[100%] Built target ros_study_msgs__rosidl_typesupport_fastrtps_c__pyext
[100%] Built target ros_study_msgs__rosidl_typesupport_c__pyext
-- Install configuration: ""
-- Installing: /home/ubunut2204/ros2_ws/install/ros_study_msgs/share/ament_index/resource_index/rosidl_interfaces/ros_study_msgs
-- Installing: /home/ubunut2204/ros2_ws/install/ros_study_msgs/include/ros_study_msgs/ros_study_msgs
-- Installing: /home/ubunut2204/ros2_ws/install/ros_study_msgs/include/ros_study_msgs/ros_study_msgs/msg
-- Installing: /home/ubunut2204/ros2_ws/install/ros_study_msgs/include/ros_study_msgs/ros_study_msgs/msg/detail
-- Installing: /home/ubunut2204/ros2_ws/install/ros_study_msgs/include/ros_study_msgs/ros_study_msgs/msg/detail/my_msg__functions.c
-- Installing: /home/ubunut2204/ros2_ws/install/ros_study_msgs/include/ros_study_msgs/ros_study_msgs/msg/detail/my_msg__type_support.h
-- Installing: /home/ubunut2204/ros2_ws/install/ros_study_msgs/include/ros_study_msgs/ros_study_msgs/msg/detail/my_msg__struct.h
-- Installing: /home/ubunut2204/ros2_ws/install/ros_study_msgs/include/ros_study_msgs/ros_study_msgs/msg/detail/my_msg__functions.h
-- Installing: /home/ubunut2204/ros2_ws/install/ros_study_msgs/include/ros_study_msgs/ros_study_msgs/msg/rosidl_generator_c__visibility_control.h
-- Installing: /home/ubunut2204/ros2_ws/install/ros_study_msgs/include/ros_study_msgs/ros_study_msgs/msg/my_msg.h
-- Installing: /home/ubunut2204/ros2_ws/install/ros_study_msgs/include/ros_study_msgs/ros_study_msgs/action
-- Installing: /home/ubunut2204/ros2_ws/install/ros_study_msgs/include/ros_study_msgs/ros_study_msgs/action/my_action.h
-- Installing: /home/ubunut2204/ros2_ws/install/ros_study_msgs/include/ros_study_msgs/ros_study_msgs/action/detail
-- Installing: /home/ubunut2204/ros2_ws/install/ros_study_msgs/include/ros_study_msgs/ros_study_msgs/action/detail/my_action__functions.c
-- Installing: /home/ubunut2204/ros2_ws/install/ros_study_msgs/include/ros_study_msgs/ros_study_msgs/action/detail/my_action__type_support.h
-- Installing: /home/ubunut2204/ros2_ws/install/ros_study_msgs/include/ros_study_msgs/ros_study_msgs/action/detail/my_action__functions.h
-- Installing: /home/ubunut2204/ros2_ws/install/ros_study_msgs/include/ros_study_msgs/ros_study_msgs/action/detail/my_action__struct.h
-- Installing: /home/ubunut2204/ros2_ws/install/ros_study_msgs/include/ros_study_msgs/ros_study_msgs/srv
-- Installing: /home/ubunut2204/ros2_ws/install/ros_study_msgs/include/ros_study_msgs/ros_study_msgs/srv/my_srv.h
-- Installing: /home/ubunut2204/ros2_ws/install/ros_study_msgs/include/ros_study_msgs/ros_study_msgs/srv/detail
-- Installing: /home/ubunut2204/ros2_ws/install/ros_study_msgs/include/ros_study_msgs/ros_study_msgs/srv/detail/my_srv__struct.h
-- Installing: /home/ubunut2204/ros2_ws/install/ros_study_msgs/include/ros_study_msgs/ros_study_msgs/srv/detail/my_srv__type_support.h
-- Installing: /home/ubunut2204/ros2_ws/install/ros_study_msgs/include/ros_study_msgs/ros_study_msgs/srv/detail/my_srv__functions.c
-- Installing: /home/ubunut2204/ros2_ws/install/ros_study_msgs/include/ros_study_msgs/ros_study_msgs/srv/detail/my_srv__functions.h
-- Installing: /home/ubunut2204/ros2_ws/install/ros_study_msgs/share/ros_study_msgs/environment/library_path.sh
-- Installing: /home/ubunut2204/ros2_ws/install/ros_study_msgs/share/ros_study_msgs/environment/library_path.dsv
-- Installing: /home/ubunut2204/ros2_ws/install/ros_study_msgs/lib/libros_study_msgs__rosidl_generator_c.so
-- Set runtime path of "/home/ubunut2204/ros2_ws/install/ros_study_msgs/lib/libros_study_msgs__rosidl_generator_c.so" to ""
-- Up-to-date: /home/ubunut2204/ros2_ws/install/ros_study_msgs/include/ros_study_msgs/ros_study_msgs
-- Up-to-date: /home/ubunut2204/ros2_ws/install/ros_study_msgs/include/ros_study_msgs/ros_study_msgs/msg
-- Up-to-date: /home/ubunut2204/ros2_ws/install/ros_study_msgs/include/ros_study_msgs/ros_study_msgs/msg/detail
-- Installing: /home/ubunut2204/ros2_ws/install/ros_study_msgs/include/ros_study_msgs/ros_study_msgs/msg/detail/my_msg__rosidl_typesupport_fastrtps_c.h
-- Installing: /home/ubunut2204/ros2_ws/install/ros_study_msgs/include/ros_study_msgs/ros_study_msgs/msg/rosidl_typesupport_fastrtps_c__visibility_control.h
-- Up-to-date: /home/ubunut2204/ros2_ws/install/ros_study_msgs/include/ros_study_msgs/ros_study_msgs/action
-- Up-to-date: /home/ubunut2204/ros2_ws/install/ros_study_msgs/include/ros_study_msgs/ros_study_msgs/action/detail
-- Installing: /home/ubunut2204/ros2_ws/install/ros_study_msgs/include/ros_study_msgs/ros_study_msgs/action/detail/my_action__rosidl_typesupport_fastrtps_c.h
-- Up-to-date: /home/ubunut2204/ros2_ws/install/ros_study_msgs/include/ros_study_msgs/ros_study_msgs/srv
-- Up-to-date: /home/ubunut2204/ros2_ws/install/ros_study_msgs/include/ros_study_msgs/ros_study_msgs/srv/detail
-- Installing: /home/ubunut2204/ros2_ws/install/ros_study_msgs/include/ros_study_msgs/ros_study_msgs/srv/detail/my_srv__rosidl_typesupport_fastrtps_c.h
-- Installing: /home/ubunut2204/ros2_ws/install/ros_study_msgs/lib/libros_study_msgs__rosidl_typesupport_fastrtps_c.so
-- Set runtime path of "/home/ubunut2204/ros2_ws/install/ros_study_msgs/lib/libros_study_msgs__rosidl_typesupport_fastrtps_c.so" to ""
-- Up-to-date: /home/ubunut2204/ros2_ws/install/ros_study_msgs/include/ros_study_msgs/ros_study_msgs
-- Up-to-date: /home/ubunut2204/ros2_ws/install/ros_study_msgs/include/ros_study_msgs/ros_study_msgs/msg
-- Up-to-date: /home/ubunut2204/ros2_ws/install/ros_study_msgs/include/ros_study_msgs/ros_study_msgs/msg/detail
-- Installing: /home/ubunut2204/ros2_ws/install/ros_study_msgs/include/ros_study_msgs/ros_study_msgs/msg/detail/my_msg__rosidl_typesupport_introspection_c.h
-- Installing: /home/ubunut2204/ros2_ws/install/ros_study_msgs/include/ros_study_msgs/ros_study_msgs/msg/detail/my_msg__type_support.c
-- Installing: /home/ubunut2204/ros2_ws/install/ros_study_msgs/include/ros_study_msgs/ros_study_msgs/msg/rosidl_typesupport_introspection_c__visibility_control.h
-- Up-to-date: /home/ubunut2204/ros2_ws/install/ros_study_msgs/include/ros_study_msgs/ros_study_msgs/action
-- Up-to-date: /home/ubunut2204/ros2_ws/install/ros_study_msgs/include/ros_study_msgs/ros_study_msgs/action/detail
-- Installing: /home/ubunut2204/ros2_ws/install/ros_study_msgs/include/ros_study_msgs/ros_study_msgs/action/detail/my_action__type_support.c
-- Installing: /home/ubunut2204/ros2_ws/install/ros_study_msgs/include/ros_study_msgs/ros_study_msgs/action/detail/my_action__rosidl_typesupport_introspection_c.h
-- Up-to-date: /home/ubunut2204/ros2_ws/install/ros_study_msgs/include/ros_study_msgs/ros_study_msgs/srv
-- Up-to-date: /home/ubunut2204/ros2_ws/install/ros_study_msgs/include/ros_study_msgs/ros_study_msgs/srv/detail
-- Installing: /home/ubunut2204/ros2_ws/install/ros_study_msgs/include/ros_study_msgs/ros_study_msgs/srv/detail/my_srv__type_support.c
-- Installing: /home/ubunut2204/ros2_ws/install/ros_study_msgs/include/ros_study_msgs/ros_study_msgs/srv/detail/my_srv__rosidl_typesupport_introspection_c.h
-- Installing: /home/ubunut2204/ros2_ws/install/ros_study_msgs/lib/libros_study_msgs__rosidl_typesupport_introspection_c.so
-- Set runtime path of "/home/ubunut2204/ros2_ws/install/ros_study_msgs/lib/libros_study_msgs__rosidl_typesupport_introspection_c.so" to ""
-- Installing: /home/ubunut2204/ros2_ws/install/ros_study_msgs/lib/libros_study_msgs__rosidl_typesupport_c.so
-- Set runtime path of "/home/ubunut2204/ros2_ws/install/ros_study_msgs/lib/libros_study_msgs__rosidl_typesupport_c.so" to ""
-- Up-to-date: /home/ubunut2204/ros2_ws/install/ros_study_msgs/include/ros_study_msgs/ros_study_msgs
-- Up-to-date: /home/ubunut2204/ros2_ws/install/ros_study_msgs/include/ros_study_msgs/ros_study_msgs/msg
-- Installing: /home/ubunut2204/ros2_ws/install/ros_study_msgs/include/ros_study_msgs/ros_study_msgs/msg/my_msg.hpp
-- Up-to-date: /home/ubunut2204/ros2_ws/install/ros_study_msgs/include/ros_study_msgs/ros_study_msgs/msg/detail
-- Installing: /home/ubunut2204/ros2_ws/install/ros_study_msgs/include/ros_study_msgs/ros_study_msgs/msg/detail/my_msg__traits.hpp
-- Installing: /home/ubunut2204/ros2_ws/install/ros_study_msgs/include/ros_study_msgs/ros_study_msgs/msg/detail/my_msg__builder.hpp
-- Installing: /home/ubunut2204/ros2_ws/install/ros_study_msgs/include/ros_study_msgs/ros_study_msgs/msg/detail/my_msg__struct.hpp
-- Installing: /home/ubunut2204/ros2_ws/install/ros_study_msgs/include/ros_study_msgs/ros_study_msgs/msg/detail/my_msg__type_support.hpp
-- Installing: /home/ubunut2204/ros2_ws/install/ros_study_msgs/include/ros_study_msgs/ros_study_msgs/msg/rosidl_generator_cpp__visibility_control.hpp
-- Up-to-date: /home/ubunut2204/ros2_ws/install/ros_study_msgs/include/ros_study_msgs/ros_study_msgs/action
-- Installing: /home/ubunut2204/ros2_ws/install/ros_study_msgs/include/ros_study_msgs/ros_study_msgs/action/my_action.hpp
-- Up-to-date: /home/ubunut2204/ros2_ws/install/ros_study_msgs/include/ros_study_msgs/ros_study_msgs/action/detail
-- Installing: /home/ubunut2204/ros2_ws/install/ros_study_msgs/include/ros_study_msgs/ros_study_msgs/action/detail/my_action__type_support.hpp
-- Installing: /home/ubunut2204/ros2_ws/install/ros_study_msgs/include/ros_study_msgs/ros_study_msgs/action/detail/my_action__traits.hpp
-- Installing: /home/ubunut2204/ros2_ws/install/ros_study_msgs/include/ros_study_msgs/ros_study_msgs/action/detail/my_action__struct.hpp
-- Installing: /home/ubunut2204/ros2_ws/install/ros_study_msgs/include/ros_study_msgs/ros_study_msgs/action/detail/my_action__builder.hpp
-- Up-to-date: /home/ubunut2204/ros2_ws/install/ros_study_msgs/include/ros_study_msgs/ros_study_msgs/srv
-- Installing: /home/ubunut2204/ros2_ws/install/ros_study_msgs/include/ros_study_msgs/ros_study_msgs/srv/my_srv.hpp
-- Up-to-date: /home/ubunut2204/ros2_ws/install/ros_study_msgs/include/ros_study_msgs/ros_study_msgs/srv/detail
-- Installing: /home/ubunut2204/ros2_ws/install/ros_study_msgs/include/ros_study_msgs/ros_study_msgs/srv/detail/my_srv__traits.hpp
-- Installing: /home/ubunut2204/ros2_ws/install/ros_study_msgs/include/ros_study_msgs/ros_study_msgs/srv/detail/my_srv__type_support.hpp
-- Installing: /home/ubunut2204/ros2_ws/install/ros_study_msgs/include/ros_study_msgs/ros_study_msgs/srv/detail/my_srv__builder.hpp
-- Installing: /home/ubunut2204/ros2_ws/install/ros_study_msgs/include/ros_study_msgs/ros_study_msgs/srv/detail/my_srv__struct.hpp
-- Up-to-date: /home/ubunut2204/ros2_ws/install/ros_study_msgs/include/ros_study_msgs/ros_study_msgs
-- Up-to-date: /home/ubunut2204/ros2_ws/install/ros_study_msgs/include/ros_study_msgs/ros_study_msgs/msg
-- Up-to-date: /home/ubunut2204/ros2_ws/install/ros_study_msgs/include/ros_study_msgs/ros_study_msgs/msg/detail
-- Installing: /home/ubunut2204/ros2_ws/install/ros_study_msgs/include/ros_study_msgs/ros_study_msgs/msg/detail/dds_fastrtps
-- Installing: /home/ubunut2204/ros2_ws/install/ros_study_msgs/include/ros_study_msgs/ros_study_msgs/msg/detail/my_msg__rosidl_typesupport_fastrtps_cpp.hpp
-- Installing: /home/ubunut2204/ros2_ws/install/ros_study_msgs/include/ros_study_msgs/ros_study_msgs/msg/rosidl_typesupport_fastrtps_cpp__visibility_control.h
-- Up-to-date: /home/ubunut2204/ros2_ws/install/ros_study_msgs/include/ros_study_msgs/ros_study_msgs/action
-- Up-to-date: /home/ubunut2204/ros2_ws/install/ros_study_msgs/include/ros_study_msgs/ros_study_msgs/action/detail
-- Installing: /home/ubunut2204/ros2_ws/install/ros_study_msgs/include/ros_study_msgs/ros_study_msgs/action/detail/dds_fastrtps
-- Installing: /home/ubunut2204/ros2_ws/install/ros_study_msgs/include/ros_study_msgs/ros_study_msgs/action/detail/my_action__rosidl_typesupport_fastrtps_cpp.hpp
-- Up-to-date: /home/ubunut2204/ros2_ws/install/ros_study_msgs/include/ros_study_msgs/ros_study_msgs/srv
-- Up-to-date: /home/ubunut2204/ros2_ws/install/ros_study_msgs/include/ros_study_msgs/ros_study_msgs/srv/detail
-- Installing: /home/ubunut2204/ros2_ws/install/ros_study_msgs/include/ros_study_msgs/ros_study_msgs/srv/detail/dds_fastrtps
-- Installing: /home/ubunut2204/ros2_ws/install/ros_study_msgs/include/ros_study_msgs/ros_study_msgs/srv/detail/my_srv__rosidl_typesupport_fastrtps_cpp.hpp
-- Installing: /home/ubunut2204/ros2_ws/install/ros_study_msgs/lib/libros_study_msgs__rosidl_typesupport_fastrtps_cpp.so
-- Set runtime path of "/home/ubunut2204/ros2_ws/install/ros_study_msgs/lib/libros_study_msgs__rosidl_typesupport_fastrtps_cpp.so" to ""
-- Up-to-date: /home/ubunut2204/ros2_ws/install/ros_study_msgs/include/ros_study_msgs/ros_study_msgs
-- Up-to-date: /home/ubunut2204/ros2_ws/install/ros_study_msgs/include/ros_study_msgs/ros_study_msgs/msg
-- Up-to-date: /home/ubunut2204/ros2_ws/install/ros_study_msgs/include/ros_study_msgs/ros_study_msgs/msg/detail
-- Installing: /home/ubunut2204/ros2_ws/install/ros_study_msgs/include/ros_study_msgs/ros_study_msgs/msg/detail/my_msg__type_support.cpp
-- Installing: /home/ubunut2204/ros2_ws/install/ros_study_msgs/include/ros_study_msgs/ros_study_msgs/msg/detail/my_msg__rosidl_typesupport_introspection_cpp.hpp
-- Up-to-date: /home/ubunut2204/ros2_ws/install/ros_study_msgs/include/ros_study_msgs/ros_study_msgs/action
-- Up-to-date: /home/ubunut2204/ros2_ws/install/ros_study_msgs/include/ros_study_msgs/ros_study_msgs/action/detail
-- Installing: /home/ubunut2204/ros2_ws/install/ros_study_msgs/include/ros_study_msgs/ros_study_msgs/action/detail/my_action__type_support.cpp
-- Installing: /home/ubunut2204/ros2_ws/install/ros_study_msgs/include/ros_study_msgs/ros_study_msgs/action/detail/my_action__rosidl_typesupport_introspection_cpp.hpp
-- Up-to-date: /home/ubunut2204/ros2_ws/install/ros_study_msgs/include/ros_study_msgs/ros_study_msgs/srv
-- Up-to-date: /home/ubunut2204/ros2_ws/install/ros_study_msgs/include/ros_study_msgs/ros_study_msgs/srv/detail
-- Installing: /home/ubunut2204/ros2_ws/install/ros_study_msgs/include/ros_study_msgs/ros_study_msgs/srv/detail/my_srv__type_support.cpp
-- Installing: /home/ubunut2204/ros2_ws/install/ros_study_msgs/include/ros_study_msgs/ros_study_msgs/srv/detail/my_srv__rosidl_typesupport_introspection_cpp.hpp
-- Installing: /home/ubunut2204/ros2_ws/install/ros_study_msgs/lib/libros_study_msgs__rosidl_typesupport_introspection_cpp.so
-- Set runtime path of "/home/ubunut2204/ros2_ws/install/ros_study_msgs/lib/libros_study_msgs__rosidl_typesupport_introspection_cpp.so" to ""
-- Installing: /home/ubunut2204/ros2_ws/install/ros_study_msgs/lib/libros_study_msgs__rosidl_typesupport_cpp.so
-- Set runtime path of "/home/ubunut2204/ros2_ws/install/ros_study_msgs/lib/libros_study_msgs__rosidl_typesupport_cpp.so" to ""
-- Installing: /home/ubunut2204/ros2_ws/install/ros_study_msgs/share/ros_study_msgs/environment/pythonpath.sh
-- Installing: /home/ubunut2204/ros2_ws/install/ros_study_msgs/share/ros_study_msgs/environment/pythonpath.dsv
-- Installing: /home/ubunut2204/ros2_ws/install/ros_study_msgs/local/lib/python3.10/dist-packages/ros_study_msgs-0.0.0-py3.10.egg-info
-- Installing: /home/ubunut2204/ros2_ws/install/ros_study_msgs/local/lib/python3.10/dist-packages/ros_study_msgs-0.0.0-py3.10.egg-info/dependency_links.txt
-- Installing: /home/ubunut2204/ros2_ws/install/ros_study_msgs/local/lib/python3.10/dist-packages/ros_study_msgs-0.0.0-py3.10.egg-info/top_level.txt
-- Installing: /home/ubunut2204/ros2_ws/install/ros_study_msgs/local/lib/python3.10/dist-packages/ros_study_msgs-0.0.0-py3.10.egg-info/PKG-INFO
-- Installing: /home/ubunut2204/ros2_ws/install/ros_study_msgs/local/lib/python3.10/dist-packages/ros_study_msgs-0.0.0-py3.10.egg-info/SOURCES.txt
-- Installing: /home/ubunut2204/ros2_ws/install/ros_study_msgs/local/lib/python3.10/dist-packages/ros_study_msgs
-- Installing: /home/ubunut2204/ros2_ws/install/ros_study_msgs/local/lib/python3.10/dist-packages/ros_study_msgs/_ros_study_msgs_s.ep.rosidl_typesupport_introspection_c.c
-- Installing: /home/ubunut2204/ros2_ws/install/ros_study_msgs/local/lib/python3.10/dist-packages/ros_study_msgs/ros_study_msgs_s__rosidl_typesupport_introspection_c.cpython-310-x86_64-linux-gnu.so
-- Installing: /home/ubunut2204/ros2_ws/install/ros_study_msgs/local/lib/python3.10/dist-packages/ros_study_msgs/msg
-- Installing: /home/ubunut2204/ros2_ws/install/ros_study_msgs/local/lib/python3.10/dist-packages/ros_study_msgs/msg/_my_msg_s.c
-- Installing: /home/ubunut2204/ros2_ws/install/ros_study_msgs/local/lib/python3.10/dist-packages/ros_study_msgs/msg/_my_msg.py
-- Installing: /home/ubunut2204/ros2_ws/install/ros_study_msgs/local/lib/python3.10/dist-packages/ros_study_msgs/msg/__init__.py
-- Installing: /home/ubunut2204/ros2_ws/install/ros_study_msgs/local/lib/python3.10/dist-packages/ros_study_msgs/libros_study_msgs__rosidl_generator_py.so
-- Installing: /home/ubunut2204/ros2_ws/install/ros_study_msgs/local/lib/python3.10/dist-packages/ros_study_msgs/_ros_study_msgs_s.ep.rosidl_typesupport_fastrtps_c.c
-- Installing: /home/ubunut2204/ros2_ws/install/ros_study_msgs/local/lib/python3.10/dist-packages/ros_study_msgs/ros_study_msgs_s__rosidl_typesupport_fastrtps_c.cpython-310-x86_64-linux-gnu.so
-- Installing: /home/ubunut2204/ros2_ws/install/ros_study_msgs/local/lib/python3.10/dist-packages/ros_study_msgs/_ros_study_msgs_s.ep.rosidl_typesupport_c.c
-- Installing: /home/ubunut2204/ros2_ws/install/ros_study_msgs/local/lib/python3.10/dist-packages/ros_study_msgs/action
-- Installing: /home/ubunut2204/ros2_ws/install/ros_study_msgs/local/lib/python3.10/dist-packages/ros_study_msgs/action/_my_action.py
-- Installing: /home/ubunut2204/ros2_ws/install/ros_study_msgs/local/lib/python3.10/dist-packages/ros_study_msgs/action/_my_action_s.c
-- Installing: /home/ubunut2204/ros2_ws/install/ros_study_msgs/local/lib/python3.10/dist-packages/ros_study_msgs/action/__init__.py
-- Installing: /home/ubunut2204/ros2_ws/install/ros_study_msgs/local/lib/python3.10/dist-packages/ros_study_msgs/__init__.py
-- Installing: /home/ubunut2204/ros2_ws/install/ros_study_msgs/local/lib/python3.10/dist-packages/ros_study_msgs/srv
-- Installing: /home/ubunut2204/ros2_ws/install/ros_study_msgs/local/lib/python3.10/dist-packages/ros_study_msgs/srv/_my_srv_s.c
-- Installing: /home/ubunut2204/ros2_ws/install/ros_study_msgs/local/lib/python3.10/dist-packages/ros_study_msgs/srv/_my_srv.py
-- Installing: /home/ubunut2204/ros2_ws/install/ros_study_msgs/local/lib/python3.10/dist-packages/ros_study_msgs/srv/__init__.py
-- Installing: /home/ubunut2204/ros2_ws/install/ros_study_msgs/local/lib/python3.10/dist-packages/ros_study_msgs/ros_study_msgs_s__rosidl_typesupport_c.cpython-310-x86_64-linux-gnu.so
Listing '/home/ubunut2204/ros2_ws/install/ros_study_msgs/local/lib/python3.10/dist-packages/ros_study_msgs'...
Compiling '/home/ubunut2204/ros2_ws/install/ros_study_msgs/local/lib/python3.10/dist-packages/ros_study_msgs/__init__.py'...
Listing '/home/ubunut2204/ros2_ws/install/ros_study_msgs/local/lib/python3.10/dist-packages/ros_study_msgs/action'...
Compiling '/home/ubunut2204/ros2_ws/install/ros_study_msgs/local/lib/python3.10/dist-packages/ros_study_msgs/action/__init__.py'...
Compiling '/home/ubunut2204/ros2_ws/install/ros_study_msgs/local/lib/python3.10/dist-packages/ros_study_msgs/action/_my_action.py'...
Listing '/home/ubunut2204/ros2_ws/install/ros_study_msgs/local/lib/python3.10/dist-packages/ros_study_msgs/msg'...
Compiling '/home/ubunut2204/ros2_ws/install/ros_study_msgs/local/lib/python3.10/dist-packages/ros_study_msgs/msg/__init__.py'...
Compiling '/home/ubunut2204/ros2_ws/install/ros_study_msgs/local/lib/python3.10/dist-packages/ros_study_msgs/msg/_my_msg.py'...
Listing '/home/ubunut2204/ros2_ws/install/ros_study_msgs/local/lib/python3.10/dist-packages/ros_study_msgs/srv'...
Compiling '/home/ubunut2204/ros2_ws/install/ros_study_msgs/local/lib/python3.10/dist-packages/ros_study_msgs/srv/__init__.py'...
Compiling '/home/ubunut2204/ros2_ws/install/ros_study_msgs/local/lib/python3.10/dist-packages/ros_study_msgs/srv/_my_srv.py'...
-- Installing: /home/ubunut2204/ros2_ws/install/ros_study_msgs/local/lib/python3.10/dist-packages/ros_study_msgs/ros_study_msgs_s__rosidl_typesupport_fastrtps_c.cpython-310-x86_64-linux-gnu.so
-- Set runtime path of "/home/ubunut2204/ros2_ws/install/ros_study_msgs/local/lib/python3.10/dist-packages/ros_study_msgs/ros_study_msgs_s__rosidl_typesupport_fastrtps_c.cpython-310-x86_64-linux-gnu.so" to ""
-- Installing: /home/ubunut2204/ros2_ws/install/ros_study_msgs/local/lib/python3.10/dist-packages/ros_study_msgs/ros_study_msgs_s__rosidl_typesupport_introspection_c.cpython-310-x86_64-linux-gnu.so
-- Set runtime path of "/home/ubunut2204/ros2_ws/install/ros_study_msgs/local/lib/python3.10/dist-packages/ros_study_msgs/ros_study_msgs_s__rosidl_typesupport_introspection_c.cpython-310-x86_64-linux-gnu.so" to ""
-- Installing: /home/ubunut2204/ros2_ws/install/ros_study_msgs/local/lib/python3.10/dist-packages/ros_study_msgs/ros_study_msgs_s__rosidl_typesupport_c.cpython-310-x86_64-linux-gnu.so
-- Set runtime path of "/home/ubunut2204/ros2_ws/install/ros_study_msgs/local/lib/python3.10/dist-packages/ros_study_msgs/ros_study_msgs_s__rosidl_typesupport_c.cpython-310-x86_64-linux-gnu.so" to ""
-- Installing: /home/ubunut2204/ros2_ws/install/ros_study_msgs/lib/libros_study_msgs__rosidl_generator_py.so
-- Set runtime path of "/home/ubunut2204/ros2_ws/install/ros_study_msgs/lib/libros_study_msgs__rosidl_generator_py.so" to ""
-- Installing: /home/ubunut2204/ros2_ws/install/ros_study_msgs/share/ament_index/resource_index/rust_packages/ros_study_msgs
-- Installing: /home/ubunut2204/ros2_ws/install/ros_study_msgs/share/ros_study_msgs/rust
-- Installing: /home/ubunut2204/ros2_ws/install/ros_study_msgs/share/ros_study_msgs/rust/src
-- Installing: /home/ubunut2204/ros2_ws/install/ros_study_msgs/share/ros_study_msgs/rust/src/srv.rs
-- Installing: /home/ubunut2204/ros2_ws/install/ros_study_msgs/share/ros_study_msgs/rust/src/action.rs
-- Installing: /home/ubunut2204/ros2_ws/install/ros_study_msgs/share/ros_study_msgs/rust/src/msg.rs
-- Installing: /home/ubunut2204/ros2_ws/install/ros_study_msgs/share/ros_study_msgs/rust/src/msg
-- Installing: /home/ubunut2204/ros2_ws/install/ros_study_msgs/share/ros_study_msgs/rust/src/msg/rmw.rs
-- Installing: /home/ubunut2204/ros2_ws/install/ros_study_msgs/share/ros_study_msgs/rust/src/action
-- Installing: /home/ubunut2204/ros2_ws/install/ros_study_msgs/share/ros_study_msgs/rust/src/action/rmw.rs
-- Installing: /home/ubunut2204/ros2_ws/install/ros_study_msgs/share/ros_study_msgs/rust/src/srv
-- Installing: /home/ubunut2204/ros2_ws/install/ros_study_msgs/share/ros_study_msgs/rust/src/srv/rmw.rs
-- Installing: /home/ubunut2204/ros2_ws/install/ros_study_msgs/share/ros_study_msgs/rust/src/lib.rs
-- Installing: /home/ubunut2204/ros2_ws/install/ros_study_msgs/share/ros_study_msgs/rust/build.rs
-- Installing: /home/ubunut2204/ros2_ws/install/ros_study_msgs/share/ros_study_msgs/rust/Cargo.toml
-- Installing: /home/ubunut2204/ros2_ws/install/ros_study_msgs/share/ros_study_msgs/msg/MyMsg.idl
-- Installing: /home/ubunut2204/ros2_ws/install/ros_study_msgs/share/ros_study_msgs/srv/MySrv.idl
-- Installing: /home/ubunut2204/ros2_ws/install/ros_study_msgs/share/ros_study_msgs/action/MyAction.idl
-- Installing: /home/ubunut2204/ros2_ws/install/ros_study_msgs/share/ros_study_msgs/msg/MyMsg.msg
-- Installing: /home/ubunut2204/ros2_ws/install/ros_study_msgs/share/ros_study_msgs/srv/MySrv.srv
-- Installing: /home/ubunut2204/ros2_ws/install/ros_study_msgs/share/ros_study_msgs/srv/MySrv_Request.msg
-- Installing: /home/ubunut2204/ros2_ws/install/ros_study_msgs/share/ros_study_msgs/srv/MySrv_Response.msg
-- Installing: /home/ubunut2204/ros2_ws/install/ros_study_msgs/share/ros_study_msgs/action/MyAction.action
-- Installing: /home/ubunut2204/ros2_ws/install/ros_study_msgs/share/ament_index/resource_index/package_run_dependencies/ros_study_msgs
-- Installing: /home/ubunut2204/ros2_ws/install/ros_study_msgs/share/ament_index/resource_index/parent_prefix_path/ros_study_msgs
-- Installing: /home/ubunut2204/ros2_ws/install/ros_study_msgs/share/ros_study_msgs/environment/ament_prefix_path.sh
-- Installing: /home/ubunut2204/ros2_ws/install/ros_study_msgs/share/ros_study_msgs/environment/ament_prefix_path.dsv
-- Installing: /home/ubunut2204/ros2_ws/install/ros_study_msgs/share/ros_study_msgs/environment/path.sh
-- Installing: /home/ubunut2204/ros2_ws/install/ros_study_msgs/share/ros_study_msgs/environment/path.dsv
-- Installing: /home/ubunut2204/ros2_ws/install/ros_study_msgs/share/ros_study_msgs/local_setup.bash
-- Installing: /home/ubunut2204/ros2_ws/install/ros_study_msgs/share/ros_study_msgs/local_setup.sh
-- Installing: /home/ubunut2204/ros2_ws/install/ros_study_msgs/share/ros_study_msgs/local_setup.zsh
-- Installing: /home/ubunut2204/ros2_ws/install/ros_study_msgs/share/ros_study_msgs/local_setup.dsv
-- Installing: /home/ubunut2204/ros2_ws/install/ros_study_msgs/share/ros_study_msgs/package.dsv
-- Installing: /home/ubunut2204/ros2_ws/install/ros_study_msgs/share/ament_index/resource_index/packages/ros_study_msgs
-- Installing: /home/ubunut2204/ros2_ws/install/ros_study_msgs/share/ros_study_msgs/cmake/export_ros_study_msgs__rosidl_generator_cExport.cmake
-- Installing: /home/ubunut2204/ros2_ws/install/ros_study_msgs/share/ros_study_msgs/cmake/export_ros_study_msgs__rosidl_generator_cExport-noconfig.cmake
-- Installing: /home/ubunut2204/ros2_ws/install/ros_study_msgs/share/ros_study_msgs/cmake/export_ros_study_msgs__rosidl_typesupport_fastrtps_cExport.cmake
-- Installing: /home/ubunut2204/ros2_ws/install/ros_study_msgs/share/ros_study_msgs/cmake/export_ros_study_msgs__rosidl_typesupport_fastrtps_cExport-noconfig.cmake
-- Installing: /home/ubunut2204/ros2_ws/install/ros_study_msgs/share/ros_study_msgs/cmake/ros_study_msgs__rosidl_typesupport_introspection_cExport.cmake
-- Installing: /home/ubunut2204/ros2_ws/install/ros_study_msgs/share/ros_study_msgs/cmake/ros_study_msgs__rosidl_typesupport_introspection_cExport-noconfig.cmake
-- Installing: /home/ubunut2204/ros2_ws/install/ros_study_msgs/share/ros_study_msgs/cmake/ros_study_msgs__rosidl_typesupport_cExport.cmake
-- Installing: /home/ubunut2204/ros2_ws/install/ros_study_msgs/share/ros_study_msgs/cmake/ros_study_msgs__rosidl_typesupport_cExport-noconfig.cmake
-- Installing: /home/ubunut2204/ros2_ws/install/ros_study_msgs/share/ros_study_msgs/cmake/export_ros_study_msgs__rosidl_generator_cppExport.cmake
-- Installing: /home/ubunut2204/ros2_ws/install/ros_study_msgs/share/ros_study_msgs/cmake/export_ros_study_msgs__rosidl_typesupport_fastrtps_cppExport.cmake
-- Installing: /home/ubunut2204/ros2_ws/install/ros_study_msgs/share/ros_study_msgs/cmake/export_ros_study_msgs__rosidl_typesupport_fastrtps_cppExport-noconfig.cmake
-- Installing: /home/ubunut2204/ros2_ws/install/ros_study_msgs/share/ros_study_msgs/cmake/ros_study_msgs__rosidl_typesupport_introspection_cppExport.cmake
-- Installing: /home/ubunut2204/ros2_ws/install/ros_study_msgs/share/ros_study_msgs/cmake/ros_study_msgs__rosidl_typesupport_introspection_cppExport-noconfig.cmake
-- Installing: /home/ubunut2204/ros2_ws/install/ros_study_msgs/share/ros_study_msgs/cmake/ros_study_msgs__rosidl_typesupport_cppExport.cmake
-- Installing: /home/ubunut2204/ros2_ws/install/ros_study_msgs/share/ros_study_msgs/cmake/ros_study_msgs__rosidl_typesupport_cppExport-noconfig.cmake
-- Installing: /home/ubunut2204/ros2_ws/install/ros_study_msgs/share/ros_study_msgs/cmake/export_ros_study_msgs__rosidl_generator_pyExport.cmake
-- Installing: /home/ubunut2204/ros2_ws/install/ros_study_msgs/share/ros_study_msgs/cmake/export_ros_study_msgs__rosidl_generator_pyExport-noconfig.cmake
-- Installing: /home/ubunut2204/ros2_ws/install/ros_study_msgs/share/ros_study_msgs/cmake/rosidl_cmake-extras.cmake
-- Installing: /home/ubunut2204/ros2_ws/install/ros_study_msgs/share/ros_study_msgs/cmake/ament_cmake_export_dependencies-extras.cmake
-- Installing: /home/ubunut2204/ros2_ws/install/ros_study_msgs/share/ros_study_msgs/cmake/ament_cmake_export_include_directories-extras.cmake
-- Installing: /home/ubunut2204/ros2_ws/install/ros_study_msgs/share/ros_study_msgs/cmake/ament_cmake_export_libraries-extras.cmake
-- Installing: /home/ubunut2204/ros2_ws/install/ros_study_msgs/share/ros_study_msgs/cmake/ament_cmake_export_targets-extras.cmake
-- Installing: /home/ubunut2204/ros2_ws/install/ros_study_msgs/share/ros_study_msgs/cmake/rosidl_cmake_export_typesupport_targets-extras.cmake
-- Installing: /home/ubunut2204/ros2_ws/install/ros_study_msgs/share/ros_study_msgs/cmake/rosidl_cmake_export_typesupport_libraries-extras.cmake
-- Installing: /home/ubunut2204/ros2_ws/install/ros_study_msgs/share/ros_study_msgs/cmake/ros_study_msgsConfig.cmake
-- Installing: /home/ubunut2204/ros2_ws/install/ros_study_msgs/share/ros_study_msgs/cmake/ros_study_msgsConfig-version.cmake
-- Installing: /home/ubunut2204/ros2_ws/install/ros_study_msgs/share/ros_study_msgs/package.xml
